05-03 23:49:28.091  1998  5494 W PackageManager: Missing required system package: com.heytap.headset, but found with extended search.
05-03 23:49:28.091  1998  5494 W PackageManager: Missing required system package: com.google.ar.lens, but found with extended search.
05-03 23:49:28.091  1998  5494 W PackageManager: Missing required system package: com.google.android.apps.nbu.paisa.user, but found with extended search.
05-03 23:49:28.091  1998  5494 W PackageManager: Missing required system package: com.google.android.apps.fitness, but found with extended search.
05-03 23:49:28.091  1998  5494 W PackageManager: Missing required system package: com.google.android.apps.classroom, but found with extended search.
05-03 23:49:28.091  1998  5494 W PackageManager: Missing required system package: com.google.android.apps.bard, but found with extended search.
05-03 23:49:28.092  1998  5494 W PackageManager: Missing required system package: com.gesturescreen.prototype, but found with extended search.
05-03 23:49:28.092  1998  5494 W PackageManager: Missing required system package: com.flipkart.android, but found with extended search.
05-03 23:49:28.092  1998  5494 W PackageManager: Missing required system package: com.facebook.stella, but found with extended search.
05-03 23:49:28.092  1998  5494 W PackageManager: Missing required system package: com.facebook.katana, but found with extended search.
05-03 23:49:28.092  1998  5494 W PackageManager: Missing required system package: com.duosecurity.duomobile, but found with extended search.
05-03 23:49:28.092  1998  5494 W PackageManager: Missing required system package: com.digilocker.android, but found with extended search.
05-03 23:49:28.092  1998  5494 W PackageManager: Missing required system package: com.cv.docscanner, but found with extended search.
05-03 23:49:28.092  1998  5494 W PackageManager: Missing required system package: com.boAt.hearables, but found with extended search.
05-03 23:49:28.092  1998  5494 W PackageManager: Missing required system package: com.anthropic.claude, but found with extended search.
05-03 23:49:28.092  1998  5494 W PackageManager: Missing required system package: com.amazon.avod.thirdpartyclient, but found with extended search.
05-03 23:49:28.092  1998  5494 W PackageManager: Missing required system package: com.Dominos, but found with extended search.
05-03 23:49:28.092  1998  5494 W PackageManager: Missing required system package: cobos.svgviewer, but found with extended search.
05-03 23:49:28.092  1998  5494 W PackageManager: Missing required system package: app.revanced.android.gms, but found with extended search.
05-03 23:49:28.092  1998  5494 W PackageManager: Missing required system package: app.revanced.android.apps.youtube.music, but found with extended search.
05-03 23:49:28.093  1998  5494 W PackageManager: Missing required system package: app.netmirror.netmirrornew, but found with extended search.
05-03 23:49:28.093  1998  5494 W PackageManager: Missing required system package: host.exp.exponent, but found with extended search.
05-03 23:49:28.093  1998  5494 W PackageManager: Missing required system package: com.ubercab, but found with extended search.
05-03 23:49:28.093  1998  5494 W PackageManager: Missing required system package: com.spotify.music, but found with extended search.
05-03 23:49:28.093  1998  5494 W PackageManager: Missing required system package: com.shazam.android, but found with extended search.
05-03 23:49:28.093  1998  5494 W PackageManager: Missing required system package: com.jio.myjio, but found with extended search.
05-03 23:49:28.093  1998  5494 W PackageManager: Missing required system package: com.jio.jioplay.tv, but found with extended search.
05-03 23:49:28.093  1998  5494 W PackageManager: Missing required system package: com.grofers.customerapp, but found with extended search.
05-03 23:49:28.093  1998  5494 W PackageManager: Missing required system package: com.google.android.apps.docs.editors.slides, but found with extended search.
05-03 23:49:28.093  1998  5494 W PackageManager: Missing required system package: com.google.android.apps.docs.editors.docs, but found with extended search.
05-03 23:49:28.093  1998  5494 W PackageManager: Missing required system package: com.crunchyroll.crunchyroid, but found with extended search.
05-03 23:49:28.093  1998  5494 W PackageManager: Missing required system package: com.bitla.mba.charteredbus, but found with extended search.
05-03 23:49:28.098 17797 17797 W Finsky  : [2] STU: Failed to get storage stats for package 'com.android.uwb' (1601: Error getting stats: android.content.pm.PackageManager.NameNotFoundException)
05-03 23:49:28.100 17797 17797 W Finsky  : [2] STU: Failed to get storage stats for package 'com.google.android.extservices' (1601: Error getting stats: android.content.pm.PackageManager.NameNotFoundException)
05-03 23:49:28.104  1998  8503 W PackageManager: Missing required system package: com.safar.app.qa, but found with extended search.
05-03 23:49:28.105  1998  8503 W ActivityTaskManager: callingPackage for (uid=2000, pid=4077) has no WPC
05-03 23:49:28.105  1998  8503 D ActivityTaskManager: getPreferredLaunchDisplay userset_displayid true user set display id 0, current focus display 0
05-03 23:49:28.106  1998  8503 I SettingsAccessControlPolicy: isDeviceSettingsChangeDisabled: value -> false
05-03 23:49:28.106  1998  8503 W OptProp : Cannot read opt property android.window.PROPERTY_COMPAT_ALLOW_ORIENTATION_OVERRIDE
05-03 23:49:28.107  1998  8503 V GrammaticalInflectionUtils: AttributionSource: android.content.AttributionSource@1374b6dd does not have READ_SYSTEM_GRAMMATICAL_GENDER permission.
05-03 23:49:28.107 30330 30332 I artd    : GetBestInfo: odex next to the dex file (/data/app/~~br93bc3GklX6LifY01LUkQ==/com.motorola.motcameradesktop-E5R1nIK7la6B3UoEhVMgHw==/oat/arm64/base.odex) is kOatUpToDate with filter 'speed-profile' executable 'false'
05-03 23:49:28.108  1998  8503 W OptProp : Cannot read opt property android.window.PROPERTY_COMPAT_ALLOW_RESIZEABLE_ACTIVITY_OVERRIDES
05-03 23:49:28.108  1998  8503 W OptProp : Cannot read opt property android.window.PROPERTY_COMPAT_ALLOW_MIN_ASPECT_RATIO_OVERRIDE
05-03 23:49:28.109  1998  8503 D ActivityTaskManager: getPreferredLaunchDisplay userset_displayid true user set display id 0, current focus display 0
05-03 23:49:28.109  1998  8503 D ActivityTaskManager: getPreferredLaunchDisplay userset_displayid true user set display id 0, current focus display 0
05-03 23:49:28.110  1331  1422 E ANDR-PERF-LM: MetaMeter: handleAsync() 166: AdaptLaunch Invalid Async
05-03 23:49:28.111  1998  8503 D ActivityTaskManager: getPreferredLaunchDisplay userset_displayid true user set display id 0, current focus display 0
05-03 23:49:28.111  1998  8503 D ActivityTaskManager: getPreferredLaunchDisplay userset_displayid true user set display id 0, current focus display 0
05-03 23:49:28.111  1331  1422 E ANDR-PERF-LM: MetaMeter: handleAsync() 166: AdaptLaunch Invalid Async
05-03 23:49:28.111  1998  8503 D ActivityTaskManager: getPreferredLaunchDisplay userset_displayid true user set display id 0, current focus display 0
05-03 23:49:28.111  1998  8503 D ActivityTaskManager: getPreferredLaunchDisplay userset_displayid true user set display id 0, current focus display 0
05-03 23:49:28.112  1998  8503 D ActivityTaskManager: sendShowDecorCaptionWindow Task is not organized Task{71cf18e #536 type=undefined}
05-03 23:49:28.113  1998  8503 D ActivityTaskManager: sendShowDecorCaptionWindow Task is not organized Task{71cf18e #536 type=undefined}
05-03 23:49:28.115  1998  8503 D ActivityTaskManager: getPreferredLaunchDisplay userset_displayid false user set display id 0, current focus display 0
05-03 23:49:28.115  1998  8503 D ActivityTaskManager: getPreferredLaunchDisplay userset_displayid false user set display id 0, current focus display 0
05-03 23:49:28.117  1384  1724 I Scheduler: applyPolicy: UpdateRefreshRate 60 to 120 of group 0: [touch=0:0 touchBoost=0 scroll=0:0 idle=0:0] for display 4630946747577212033
05-03 23:49:28.117  1384  1724 W ComposerExtn: DisplayExtnImpl::SetActiveConfig: HWC Display 0 is not registered!
05-03 23:49:28.117  1384  1724 D DisplayModeController: setDesiredMode 4630946747577212033 {mode={fps=120.00 Hz, modePtr={id=0, vsyncRate=120.00 Hz, peakRefreshRate=120.00 Hz}}, emitEvent=true, force=false}
05-03 23:49:28.117  1384  1384 I SurfaceFlinger: initiateDisplayModeChanges changing active mode from 2(60.00 Hz:0) to 0(120.00 Hz:0) for display 4630946747577212033
05-03 23:49:28.118  1384  1384 I SurfaceFlinger: initiateDisplayModeChanges active mode changed to 0(120.00 Hz) for display 4630946747577212033. mBrightnessDimingCnt=0
05-03 23:49:28.118  1327  1707 I SDM     : HWDeviceDRM::UpdateMixerAttributes: Mixer WxH 720x1600-0 for Peripheral
05-03 23:49:28.118  1327  1707 I SDM     : HWCDisplay::SubmitDisplayConfig: Active configuration changed to: 0
05-03 23:49:28.119  1998  8503 D PowerManagerService: nativeSetPowerMode ret:true mode:5 enabled:true duration ms: 0
05-03 23:49:28.120  1998  8503 D ActivityTrigger: ActivityTrigger activityPauseTrigger 
05-03 23:49:28.121  1302  1302 I QTI PowerHAL: Power setMode: 5 to: 1
05-03 23:49:28.124  1998  8503 I ActivityTaskManager: START u0 {act=android.intent.action.MAIN cat=[android.intent.category.LAUNCHER] flg=0x10200000 cmp=com.safar.app.qa/com.safar.app.MainActivity} with LAUNCH_MULTIPLE from uid 2000 (startActivityAsUser) (BAL_ALLOW_PERMISSION) result code=0
05-03 23:49:28.124  4077  4077 I Monkey  : Events injected: 1
05-03 23:49:28.125  2884  2927 V WindowManagerShell: Transition requested (#321): android.os.BinderProxy@dbb4944 TransitionRequestInfo { type = OPEN, triggerTask = TaskInfo{userId=0 taskId=536 displayId=0 isRunning=true baseIntent=Intent { act=android.intent.action.MAIN cat=[android.intent.category.LAUNCHER] flg=0x10200000 cmp=com.safar.app.qa/com.safar.app.MainActivity } baseActivity=ComponentInfo{com.safar.app.qa/com.safar.app.MainActivity} topActivity=ComponentInfo{com.safar.app.qa/com.safar.app.MainActivity} origActivity=null realActivity=ComponentInfo{com.safar.app.qa/com.safar.app.MainActivity} numActivities=1 lastActiveTime=47467721 supportsMultiWindow=true supportsGlobalFreeform=true resizeMode=1 isResizeable=true isAppLocked=false isShowDecorCaptionWindowRequest=false canKillAndRestart=false minWidth=-1 minHeight=-1 defaultMinSize=200 token=WCT{android.window.IWindowContainerToken$Stub$Proxy@7a91a2d} topActivityType=1 pictureInPictureParams=null shouldDockBigOverlays=false launchIntoPipHostTaskId=-1 lastParentTaskIdBeforePip=-1 displayCutoutSafeInsets=Rect(0, 77 - 0, 0) topActivityInfo=ActivityInfo{4c80b62 com.safar.app.MainActivity} launchCookies=[] positionInParent=Point(0, 0) parentTaskId=-1 isFocused=false isVisible=false isVisibleRequested=false isSleeping=false locusId=null displayAreaFeatureId=1 isTopActivityTransparent=false appCompatTaskInfo=AppCompatTaskInfo { topActivityInSizeCompat=false topActivityEligibleForLetterboxEducation= falseisLetterboxEducationEnabled= false isLetterboxDoubleTapEnabled= false topActivityEligibleForUserAspectRatioButton= false topActivityBoundsLetterboxed= false isFromLetterboxDoubleTap= false topActivityLetterboxVerticalPosition= -1 topActivityLetterboxHorizontalPosition= -1 topActivityLetterboxWidth=720 topActivityLetterboxHeight=1600 isUserFullscreenOverrideEnabled=false isSystemFullscreenOverrideEnabled=false cameraCompatTaskInfo=CameraCompatTaskInfo { cameraCompatControlState=hidden freeformCameraCompatMode=inactive}}}, pipTask = null, remoteTransition = null, displayChange = null, flags = 0, debugId = 321 }
05-03 23:49:28.127  1998  8503 D ActivityTaskManager: setActivityController: null,imAMonkey=true
05-03 23:49:28.127  1998  5810 D CompatChangeReporter: Compat change id reported: 309578419; UID 10338; state: ENABLED
05-03 23:49:28.127  4077  4077 I Monkey  : ## Network stats: elapsed time=23ms (0ms mobile, 0ms wifi, 23ms not connected)
05-03 23:49:28.128  4077  4077 I app_process: System.exit called, status: 0
05-03 23:49:28.128  4077  4077 I AndroidRuntime: VM exiting with result code 0.
05-03 23:49:28.128  1384  1706 D VSyncReactor: 4630946747577212033: confirming period 16->8(cnt1)
05-03 23:49:28.128  1331  1331 E ANDR-PERF-REQUEST: Qindx 137 is  not supported
05-03 23:49:28.128  1331  1331 E ANDR-PERF-REQUEST: invalid request
05-03 23:49:28.128  1331  1331 E ANDR-PERF-MPCTL: invalid request, no optimizations performed
05-03 23:49:28.129  1302  1302 E QTI PowerHAL: Can't perform app launch hint
05-03 23:49:28.129  1998  2126 V GrammaticalInflectionUtils: AttributionSource: android.content.AttributionSource@1374b6dd does not have READ_SYSTEM_GRAMMATICAL_GENDER permission.
05-03 23:49:28.132  1998  3296 I AppsFilter: interaction: PackageSetting{675c4c0 com.gesturescreen.prototype/10401} -> PackageSetting{7ce15cb com.safar.app.qa/10338} BLOCKED
05-03 23:49:28.132  1998  3296 I AppsFilter: interaction: PackageSetting{405493e com.oem.euiccpartnerapp/10220} -> PackageSetting{7ce15cb com.safar.app.qa/10338} BLOCKED
05-03 23:49:28.134  1331  1422 W ANDR-PERF-LM: MetaMeter: handlePrimaryAsync() 118: AdaptLaunch MetaMeter. No MeterMgr Available to handle this Primary Async. !!!!
05-03 23:49:28.134  1331  1422 W ANDR-PERF-LM: MetaMeter: handlePrimaryAsync() 118: AdaptLaunch MetaMeter. No MeterMgr Available to handle this Primary Async. !!!!
05-03 23:49:28.134  5254  5254 I TopTaskTracker: onTaskMovedToFront: (moved taskInfo to front) taskId=536, baseIntent=Intent { act=android.intent.action.MAIN cat=[android.intent.category.LAUNCHER] flg=0x10200000 cmp=com.safar.app.qa/com.safar.app.MainActivity }
05-03 23:49:28.135  1384  1384 I BpBinder: onLastStrongRef automatically unlinking death recipients: 
05-03 23:49:28.135  1384  1384 I SurfaceFlinger: initiateDisplayModeChanges changing active mode from 0(120.00 Hz:0) to 0(120.00 Hz:0) for display 4630946747577212033
05-03 23:49:28.135  1998  5814 E PersistenceController: SettingNotFoundException: sv_custom_ai_icon_enabled
05-03 23:49:28.136  1384  1706 D VSyncReactor: 4630946747577212033: period 8 confirmed(cnt1)
05-03 23:49:28.150  1190  1190 D Zygote  : Forked child process 4098
05-03 23:49:28.151  1998  3296 D CoreBackPreview: Window{f524c1 u0 Splash Screen com.safar.app.qa}: Setting back callback OnBackInvokedCallbackInfo{mCallback=android.window.IOnBackInvokedCallback$Stub$Proxy@ba6009f, mPriority=0, mIsAnimationCallback=false}
05-03 23:49:28.152  1331  1422 E ANDR-PERF-LM: MetaMeter: handleAsync() 166: AdaptLaunch Invalid Async
05-03 23:49:28.152  1998  2188 I ActivityManager: Start proc 4098:com.safar.app.qa/u0a338 for next-top-activity {com.safar.app.qa/com.safar.app.MainActivity}
05-03 23:49:28.160  2884  2966 W libc    : Access denied finding property "vendor.display.enable_optimal_refresh_rate"
05-03 23:49:28.159  2884  2884 W ll.splashscreen: type=1400 audit(0.0:17102): avc:  denied  { read } for  name="u:object_r:vendor_display_prop:s0" dev="tmpfs" ino=12051 scontext=u:r:platform_app:s0:c512,c768 tcontext=u:object_r:vendor_display_prop:s0 tclass=file permissive=0 app=com.android.systemui
05-03 23:49:28.161 30330 30333 I artd    : GetBestInfo: odex next to the dex file (/data/app/~~-Xx-cA3DNWzp_eQBSUAvfA==/com.android.vending-tojvRmrOA84GZiQ9bj7EMA==/oat/arm64/base.odex) is kOatUpToDate with filter 'speed-profile' executable 'false'
05-03 23:49:28.166 30330 30333 I artd    : GetBestInfo: odex next to the dex file (/data/user/0/com.android.vending/app_dg_cache/87E7746227FF4E457A2EB56043B95E41006DE49F/oat/arm64/the.odex) is kOatUpToDate with filter 'verify' executable 'false'
05-03 23:49:28.168  1384  1384 I Scheduler: applyPolicy: UpdateRefreshRate 120 to 60 of group 0: [touch=0:0 touchBoost=0 scroll=0:0 idle=0:0] for display 4630946747577212033
05-03 23:49:28.168  1384  1384 W ComposerExtn: DisplayExtnImpl::SetActiveConfig: HWC Display 0 is not registered!
05-03 23:49:28.168  1384  1384 D DisplayModeController: setDesiredMode 4630946747577212033 {mode={fps=60.00 Hz, modePtr={id=2, vsyncRate=60.00 Hz, peakRefreshRate=60.00 Hz}}, emitEvent=true, force=false}
05-03 23:49:28.168  1384  1384 I SurfaceFlinger: initiateDisplayModeChanges changing active mode from 0(120.00 Hz:0) to 2(60.00 Hz:0) for display 4630946747577212033
05-03 23:49:28.169  1384  1384 I SurfaceFlinger: initiateDisplayModeChanges active mode changed to 2(60.00 Hz) for display 4630946747577212033. mBrightnessDimingCnt=0
05-03 23:49:28.169  1327  1707 I SDM     : HWDeviceDRM::UpdateMixerAttributes: Mixer WxH 720x1600-0 for Peripheral
05-03 23:49:28.169  1327  1707 I SDM     : HWCDisplay::SubmitDisplayConfig: Active configuration changed to: 2
05-03 23:49:28.170  1384  1706 D VSyncReactor: 4630946747577212033: confirming period 8->16(cnt1)
05-03 23:49:28.171  2884  2905 V WindowManagerShell: onTransitionReady(transaction=8581344685408)
05-03 23:49:28.171  2884  2927 V WindowManagerShell: onTransitionReady (#321) android.os.BinderProxy@dbb4944: {id=321 t=OPEN f=0x0 trk=0 r=[0@Point(0, 0)] c=[{WCT{android.window.IWindowContainerToken$Stub$Proxy@e276936} m=OPEN f=NONE pTaskId=-1 leash=Surface(name=Task=536)/@0x4a5995b sb=Rect(0, 0 - 720, 1600) eb=Rect(0, 0 - 720, 1600) d=0 taskParent=-1},{WCT{android.window.IWindowContainerToken$Stub$Proxy@e9a7037} m=TO_BACK f=SHOW_WALLPAPER pTaskId=-1 leash=Surface(name=Task=1)/@0x69e35f8 sb=Rect(0, 0 - 720, 1600) eb=Rect(0, 0 - 720, 1600) d=0 taskParent=-1}]}
05-03 23:49:28.171  1998  2114 V WindowManager: Sent Transition (#321) createdAt=05-03 23:49:28.109 via request=TransitionRequestInfo { type = OPEN, triggerTask = TaskInfo{userId=0 taskId=536 displayId=0 isRunning=true baseIntent=Intent { act=android.intent.action.MAIN cat=[android.intent.category.LAUNCHER] flg=0x10200000 cmp=com.safar.app.qa/com.safar.app.MainActivity } baseActivity=ComponentInfo{com.safar.app.qa/com.safar.app.MainActivity} topActivity=ComponentInfo{com.safar.app.qa/com.safar.app.MainActivity} origActivity=null realActivity=ComponentInfo{com.safar.app.qa/com.safar.app.MainActivity} numActivities=1 lastActiveTime=47467721 supportsMultiWindow=true supportsGlobalFreeform=true resizeMode=1 isResizeable=true isAppLocked=false isShowDecorCaptionWindowRequest=false canKillAndRestart=true minWidth=-1 minHeight=-1 defaultMinSize=200 token=WCT{RemoteToken{34f2e6d Task{71cf18e #536 type=standard A=10338:com.safar.app.qa}}} topActivityType=1 pictureInPictureParams=null shouldDockBigOverlays=false launchIntoPipHostTaskId=-1 lastParentTaskIdBeforePip=-1 displayCutoutSafeInsets=Rect(0, 77 - 0, 0) topActivityInfo=ActivityInfo{e2a2aa2 com.safar.app.MainActivity} launchCookies=[] positionInParent=Point(0, 0) parentTaskId=-1 isFocused=false isVisible=false isVisibleRequested=false isSleeping=false locusId=null displayAreaFeatureId=1 isTopActivityTransparent=false appCompatTaskInfo=AppCompatTaskInfo { topActivityInSizeCompat=false topActivityEligibleForLetterboxEducation= falseisLetterboxEducationEnabled= false isLetterboxDoubleTapEnabled= false topActivityEligibleForUserAspectRatioButton= false topActivityBoundsLetterboxed= false isFromLetterboxDoubleTap= false topActivityLetterboxVerticalPosition= -1 topActivityLetterboxHorizontalPosition= -1 topActivityLetterboxWidth=720 topActivityLetterboxHeight=1600 isUserFullscreenOverrideEnabled=false isSystemFullscreenOverrideEnabled=false cameraCompatTaskInfo=CameraCompatTaskInfo { cameraCompatControlState=hidden freeformCameraCompatMode=inactive}}}, pipTask = null, remoteTransition = null, displayChange = null, flags = 0, debugId = 321 }
05-03 23:49:28.171  1998  2114 V WindowManager:     startWCT=WindowContainerTransaction { changes = {} hops = [] errorCallbackToken=null taskFragmentOrganizer=null }
05-03 23:49:28.171  2884  2927 V WindowManagerShell: Playing animation for (#321) android.os.BinderProxy@dbb4944@0
05-03 23:49:28.171  2884  2927 V WindowManagerShell:  try handler com.android.wm.shell.transition.DefaultMixedHandler@64ff553
05-03 23:49:28.171  1998  2114 V WindowManager:     info={id=321 t=OPEN f=0x0 trk=0 r=[0@Point(0, 0)] c=[
05-03 23:49:28.171  1998  2114 V WindowManager:         {WCT{RemoteToken{34f2e6d Task{71cf18e #536 type=standard A=10338:com.safar.app.qa}}} m=OPEN f=NONE pTaskId=-1 leash=Surface(name=Task=536)/@0x66fc031 sb=Rect(0, 0 - 720, 1600) eb=Rect(0, 0 - 720, 1600) d=0 taskParent=-1},
05-03 23:49:28.171  1998  2114 V WindowManager:         {WCT{RemoteToken{c1bab69 Task{8bdb2db #1 type=undefined}}} m=TO_BACK f=SHOW_WALLPAPER pTaskId=-1 leash=Surface(name=Task=1)/@0x5e8b71d sb=Rect(0, 0 - 720, 1600) eb=Rect(0, 0 - 720, 1600) d=0 taskParent=-1}
05-03 23:49:28.171  1998  2114 V WindowManager:     ]}
05-03 23:49:28.171  2884  2927 V WindowManagerShell:  try handler com.android.wm.shell.keyguard.KeyguardTransitionHandler@dfcee90
05-03 23:49:28.171  2884  2927 V WindowManagerShell:  try handler com.android.wm.shell.pip.PipTransition@8c1a389
05-03 23:49:28.171  2884  2927 V WindowManagerShell:  try handler com.android.wm.shell.activityembedding.ActivityEmbeddingController@f3c8f8e
05-03 23:49:28.171  2884  2927 V WindowManagerShell:  try handler com.android.wm.shell.recents.RecentsTransitionHandler@65a93af
05-03 23:49:28.171  2884  2927 V ShellRecents: RecentsTransitionHandler.startAnimation: no controller found
05-03 23:49:28.171  2884  2927 V WindowManagerShell:  try handler com.android.wm.shell.splitscreen.StageCoordinator@5ea63bc
05-03 23:49:28.171  2884  2927 V WindowManagerShell:  try handler com.android.wm.shell.transition.RemoteTransitionHandler@e97ef45
05-03 23:49:28.171  2884  2927 V WindowManagerShell: Transition doesn't have explicit remote, search filters for match for {id=321 t=OPEN f=0x0 trk=0 r=[0@Point(0, 0)] c=[{WCT{android.window.IWindowContainerToken$Stub$Proxy@e276936} m=OPEN f=NONE pTaskId=-1 leash=Surface(name=Task=536)/@0x4a5995b sb=Rect(0, 0 - 720, 1600) eb=Rect(0, 0 - 720, 1600) d=0 taskParent=-1},{WCT{android.window.IWindowContainerToken$Stub$Proxy@e9a7037} m=TO_BACK f=SHOW_WALLPAPER pTaskId=-1 leash=Surface(name=Task=1)/@0x69e35f8 sb=Rect(0, 0 - 720, 1600) eb=Rect(0, 0 - 720, 1600) d=0 taskParent=-1}]}
05-03 23:49:28.171  2884  2927 V WindowManagerShell:  Checking filter Pair{{types=[] flags=0x0] notFlags=0x100 checks=[{atype=home independent=true modes=[OPEN,TO_FRONT] flags=NONE mustBeTask=false order=TOP topActivity=ComponentInfo{com.motorola.launcher3/com.android.launcher3.uioverrides.QuickstepLauncher} launchCookie=null},{atype=standard independent=true modes=[CLOSE,TO_BACK] flags=NONE mustBeTask=false order=ANY topActivity=null launchCookie=null}]} RemoteTransition { remoteTransition = android.window.IRemoteTransition$Stub$Proxy@cce77b1, appThread = android.app.IApplicationThread$Stub$Proxy@471496, debugName = QuickstepLaunchHome }}
05-03 23:49:28.172  2884  2927 V WindowManagerShell:  Delegate animation for (#321) to null
05-03 23:49:28.172  2884  2927 V WindowManagerShell:  try handler com.android.wm.shell.transition.DefaultTransitionHandler@5f6169a
05-03 23:49:28.172  2884  2927 V WindowManagerShell: start default transition animation, info = {id=321 t=OPEN f=0x0 trk=0 r=[0@Point(0, 0)] c=[{WCT{android.window.IWindowContainerToken$Stub$Proxy@e276936} m=OPEN f=NONE pTaskId=-1 leash=Surface(name=Task=536)/@0x4a5995b sb=Rect(0, 0 - 720, 1600) eb=Rect(0, 0 - 720, 1600) d=0 taskParent=-1},{WCT{android.window.IWindowContainerToken$Stub$Proxy@e9a7037} m=TO_BACK f=SHOW_WALLPAPER pTaskId=-1 leash=Surface(name=Task=1)/@0x69e35f8 sb=Rect(0, 0 - 720, 1600) eb=Rect(0, 0 - 720, 1600) d=0 taskParent=-1}]}
05-03 23:49:28.174  2884  2927 V WindowManagerShell: loadAnimation: anim=android.view.animation.AnimationSet@f78e2c2 animAttr=0x13 type=OPEN isEntrance=false
05-03 23:49:28.175 30330 30333 I artd    : GetBestInfo: vdex next to the dex file (/data/user/0/com.android.vending/app_dg_cache/A8F89F306FD1BA172E06F6F2B9F79826D0309BB6/oat/arm64/the.vdex) is kOatUpToDate with filter 'verify' executable 'false'
05-03 23:49:28.175  2884  2927 V WindowManagerShell: loadAnimation: anim=android.view.animation.AnimationSet@276690e animAttr=0x12 type=OPEN isEntrance=true
05-03 23:49:28.176  1384  1384 I SurfaceFlinger: initiateDisplayModeChanges changing active mode from 2(60.00 Hz:0) to 2(60.00 Hz:0) for display 4630946747577212033
05-03 23:49:28.177  2884  2927 V WindowManagerShell:  animated by com.android.wm.shell.transition.DefaultTransitionHandler@5f6169a
05-03 23:49:28.177  1998  2126 I DisplayDeviceRepository: Display device changed render timings: "Built-in Screen", renderFrameRate=60.000004, presentationDeadlineNanos=11500000, appVsyncOffsetNanos=9166666
05-03 23:49:28.178  1384  1706 D VSyncReactor: 4630946747577212033: period 16 confirmed(cnt1)
05-03 23:49:28.179 30330 30333 I artd    : GetBestInfo: vdex next to the dex file (/data/user/0/com.android.vending/app_dg_cache/707FFD883BF2A7896692338F9625CA52336E933B/oat/arm64/the.vdex) is kOatUpToDate with filter 'verify' executable 'false'
05-03 23:49:28.179  1998  5814 W UserManagerService: Requested status bar icon for non-badged user 0
05-03 23:49:28.182  1998  2126 D DisplayManagerService: Ignore redundant display event 0/2 to 10221/23122
05-03 23:49:28.182  1998  2126 D DisplayManagerService: Ignore redundant display event 0/2 to 10344/23390
05-03 23:49:28.182  1998  2126 D DisplayManagerService: Ignore redundant display event 0/2 to 10248/28102
05-03 23:49:28.182  1998  2126 D DisplayManagerService: Ignore redundant display event 0/2 to 10221/30576
05-03 23:49:28.184 29046 29052 D audio_hw_primary: adev_set_parameters: enter: screen_state=on
05-03 23:49:28.184 29046 29052 D sound_trigger_hw: handle_screen_status_change: screen on
05-03 23:49:28.184 29046 29052 D audio_hw_primary: adev_set_parameters: exit with code(0) takes 0.27 ms
05-03 23:49:28.186  1998  2326 D BrightnessThermalClamper: Thermal status observer already started
05-03 23:49:28.186 13611 14340 D MCLOG   : [BrightnessTrigger] onDisplayChanged displayId = 0
05-03 23:49:28.188  5452  5452 I MotoDesktopLog: [ R4DisplayService ] - getFoldType, mFoldType0
05-03 23:49:28.189  5452  5452 I MotoDesktopLog: [ FS_ScreenSizeManager ] - [Display] Changed display: 0
05-03 23:49:28.189  5452  5452 I MotoDesktopLog: [ FS_ScreenSizeManager ] - [Display] Current activity display id: null
05-03 23:49:28.189  5452  5452 I MotoDesktopLog: [ FS_ScreenSizeManager ] - [Logic] Retrieved display info: LogicDisplayInfo(width=720, height=1600, orientation=1, rotation=0, displayId=0)
05-03 23:49:28.189  5452  5452 I MotoDesktopLog: [ FS_ScreenSizeManager ] - [Display] New logical size: 720x1600
05-03 23:49:28.189  5452  5452 I MotoDesktopLog: [ FS_ScreenSizeManager ] - [Display] Screen width unchanged: 720
05-03 23:49:28.190  4098  4098 I om.safar.app.qa: Late-enabling -Xcheck:jni
05-03 23:49:28.192 13611 14340 D MCLOG   : [BrightnessManager] displayId = 0 brightness = 0.015835028 nit = 11.511654 level = br1
05-03 23:49:28.196 30330 30333 I artd    : GetBestInfo: odex next to the dex file (/data/app/~~PZTPkZcWNySj8GLuUfwhTA==/com.google.android.apps.nbu.files-6T2vLmvfPLhnk2Fl6eNvNQ==/oat/arm64/base.odex) is kOatUpToDate with filter 'speed-profile' executable 'false'
05-03 23:49:28.206 13611 14340 D MCLOG   : [BrightnessAction] Data:bri_level_et=47467803 bri_level=br1, update status: success
05-03 23:49:28.215  4098  4098 I om.safar.app.qa: Using CollectorTypeCC GC.
05-03 23:49:28.218  1384  1384 I Scheduler: applyPolicy: UpdateRefreshRate 60 to 120 of group 0: [touch=0:0 touchBoost=0 scroll=0:0 idle=0:0] for display 4630946747577212033
05-03 23:49:28.218  1384  1384 W ComposerExtn: DisplayExtnImpl::SetActiveConfig: HWC Display 0 is not registered!
05-03 23:49:28.218  1384  1384 D DisplayModeController: setDesiredMode 4630946747577212033 {mode={fps=120.00 Hz, modePtr={id=0, vsyncRate=120.00 Hz, peakRefreshRate=120.00 Hz}}, emitEvent=true, force=false}
05-03 23:49:28.218  1384  1384 I SurfaceFlinger: initiateDisplayModeChanges changing active mode from 2(60.00 Hz:0) to 0(120.00 Hz:0) for display 4630946747577212033
05-03 23:49:28.218  1384  1384 I SurfaceFlinger: initiateDisplayModeChanges active mode changed to 0(120.00 Hz) for display 4630946747577212033. mBrightnessDimingCnt=0
05-03 23:49:28.219  9790  9796 I adbd    : jdwp connection from 4098
05-03 23:49:28.220  1327  1707 I SDM     : HWDeviceDRM::UpdateMixerAttributes: Mixer WxH 720x1600-0 for Peripheral
05-03 23:49:28.220  1327  1707 I SDM     : HWCDisplay::SubmitDisplayConfig: Active configuration changed to: 0
05-03 23:49:28.223  4098  4098 D nativeloader: Load libframework-connectivity-tiramisu-jni.so using APEX ns com_android_tethering for caller /apex/com.android.tethering/javalib/framework-connectivity-t.jar: ok
05-03 23:49:28.228  1384  1706 D VSyncReactor: 4630946747577212033: confirming period 16->8(cnt1)
05-03 23:49:28.231  5674  5674 I bvwa    : onPause
05-03 23:49:28.232 30330 30333 I artd    : GetBestInfo: odex next to the dex file (/data/app/~~pq3JuaEOFklMjUZnMsjniQ==/com.google.android.youtube-CgvD4RN-mu9-VHP5Ub2mEA==/oat/arm64/base.odex) is kOatUpToDate with filter 'speed-profile' executable 'false'
05-03 23:49:28.235  1384  1384 I SurfaceFlinger: initiateDisplayModeChanges changing active mode from 0(120.00 Hz:0) to 0(120.00 Hz:0) for display 4630946747577212033
05-03 23:49:28.235  1331  1422 E ANDR-PERF-LM: MetaMeter: handleAsync() 166: AdaptLaunch Invalid Async
05-03 23:49:28.235  1998  2126 I DisplayDeviceRepository: Display device changed render timings: "Built-in Screen", renderFrameRate=120.00001, presentationDeadlineNanos=11500000, appVsyncOffsetNanos=833333
05-03 23:49:28.236 30330 30333 I artd    : GetBestInfo: vdex next to the dex file (/data/user/0/com.google.android.youtube/app_pccache2/5/32C64336DAAB52DE09299639A297EE1CAEE76804/oat/arm64/pcam.vdex) is kOatUpToDate with filter 'verify' executable 'false'
05-03 23:49:28.236  1384  1706 D VSyncReactor: 4630946747577212033: period 8 confirmed(cnt1)
05-03 23:49:28.238  1998  2326 D BrightnessThermalClamper: Thermal status observer already started
05-03 23:49:28.240  1998  2126 D DisplayManagerService: Ignore redundant display event 0/2 to 10221/23122
05-03 23:49:28.240  1998  2126 D DisplayManagerService: Ignore redundant display event 0/2 to 10344/23390
05-03 23:49:28.240  1998  2126 D DisplayManagerService: Ignore redundant display event 0/2 to 10248/28102
05-03 23:49:28.240  1998  2126 D DisplayManagerService: Ignore redundant display event 0/2 to 10221/30576
05-03 23:49:28.242  5452  5452 I MotoDesktopLog: [ R4DisplayService ] - getFoldType, mFoldType0
05-03 23:49:28.244 13611 14340 D MCLOG   : [BrightnessTrigger] onDisplayChanged displayId = 0
05-03 23:49:28.244  5452  5452 I MotoDesktopLog: [ FS_ScreenSizeManager ] - [Display] Changed display: 0
05-03 23:49:28.244  5452  5452 I MotoDesktopLog: [ FS_ScreenSizeManager ] - [Display] Current activity display id: null
05-03 23:49:28.245  5452  5452 I MotoDesktopLog: [ FS_ScreenSizeManager ] - [Logic] Retrieved display info: LogicDisplayInfo(width=720, height=1600, orientation=1, rotation=0, displayId=0)
05-03 23:49:28.245  5452  5452 I MotoDesktopLog: [ FS_ScreenSizeManager ] - [Display] New logical size: 720x1600
05-03 23:49:28.245  5452  5452 I MotoDesktopLog: [ FS_ScreenSizeManager ] - [Display] Screen width unchanged: 720
05-03 23:49:28.246 13611 14340 D MCLOG   : [BrightnessManager] displayId = 0 brightness = 0.015835028 nit = 11.511654 level = br1
05-03 23:49:28.246 29046 29052 D audio_hw_primary: adev_set_parameters: enter: screen_state=on
05-03 23:49:28.246 29046 29052 D sound_trigger_hw: handle_screen_status_change: screen on
05-03 23:49:28.246 29046 29052 D audio_hw_primary: adev_set_parameters: exit with code(0) takes 0.25 ms
05-03 23:49:28.247 30330 30333 I artd    : GetBestInfo: vdex next to the dex file (/data/user/0/com.google.android.youtube/app_dg_cache/707FFD883BF2A7896692338F9625CA52336E933B/oat/arm64/the.vdex) is kOatUpToDate with filter 'verify' executable 'false'
05-03 23:49:28.251 30330 30333 I artd    : GetBestInfo: odex next to the dex file (/data/user/0/com.google.android.youtube/app_yqzdkcache/drgd/v/oat/arm64/pcam.odex) is kOatUpToDate with filter 'verify' executable 'false'
05-03 23:49:28.256 30330 30333 I artd    : GetBestInfo: odex next to the dex file (/data/user/0/com.google.android.youtube/app_dg_cache/A8F89F306FD1BA172E06F6F2B9F79826D0309BB6/oat/arm64/the.odex) is kOatUpToDate with filter 'verify' executable 'false'
05-03 23:49:28.258  1998  8503 D CompatChangeReporter: Compat change id reported: 324203798; UID 10338; state: ENABLED
05-03 23:49:28.259 30330 30333 I artd    : GetBestInfo: vdex next to the dex file (/data/user/0/com.google.android.youtube/app_pccache2/5/EEE20DEE2B9E8FD13D3BD7940C93E19263473270/oat/arm64/pcam.vdex) is kOatUpToDate with filter 'verify' executable 'false'
05-03 23:49:28.262  1998  8503 D ActivityTaskManager: sendShowDecorCaptionWindow Task is not organized Task{5222b24 #462 type=undefined I=com.motorola.launcher3/com.android.launcher3.CustomizationPanelLauncher}
05-03 23:49:28.272  1998  2625 W PackageManager: Missing required system package: net.one97.paytm, but found with extended search.
05-03 23:49:28.274  1998  2625 V GrammaticalInflectionUtils: AttributionSource: android.content.AttributionSource@b8facb1c does not have READ_SYSTEM_GRAMMATICAL_GENDER permission.
05-03 23:49:28.277  1998  2188 W PackageManager: Missing required system package: net.one97.paytm, but found with extended search.
05-03 23:49:28.277  1998  2188 W MotoBatteryCareService: isBatteryCareAllowedSelfStart restricted by mode.
05-03 23:49:28.277  1998  2188 W MotoBatteryCareService: restricted process start because of alarm or job. packageName=net.one97.paytm
05-03 23:49:28.278  1998  2188 E ActivityManager: Failure starting process net.one97.paytm
05-03 23:49:28.278  1998  2188 E ActivityManager: java.lang.RuntimeException: SmartBackground restriction
05-03 23:49:28.278  1998  2188 E ActivityManager: 	at com.android.server.am.ProcessList.startProcess(ProcessList.java:2595)
05-03 23:49:28.278  1998  2188 E ActivityManager: 	at com.android.server.am.ProcessList.lambda$handleProcessStart$2(ProcessList.java:2369)
05-03 23:49:28.278  1998  2188 E ActivityManager: 	at com.android.server.am.ProcessList.$r8$lambda$7tA7FGK86Ca7_MUb7SZX_VtkDjI(ProcessList.java:0)
05-03 23:49:28.278  1998  2188 E ActivityManager: 	at com.android.server.am.ProcessList$$ExternalSyntheticLambda6.run(R8$$SyntheticClass:0)
05-03 23:49:28.278  1998  2188 E ActivityManager: 	at com.android.server.am.ProcessList.handleProcessStart(ProcessList.java:2396)
05-03 23:49:28.278  1998  2188 E ActivityManager: 	at com.android.server.am.ProcessList.lambda$startProcessLocked$1(ProcessList.java:2335)
05-03 23:49:28.278  1998  2188 E ActivityManager: 	at com.android.server.am.ProcessList.$r8$lambda$CJ9r0QvrztLxvJRHzZHIx3Om9NE(ProcessList.java:0)
05-03 23:49:28.278  1998  2188 E ActivityManager: 	at com.android.server.am.ProcessList$$ExternalSyntheticLambda5.run(R8$$SyntheticClass:0)
05-03 23:49:28.278  1998  2188 E ActivityManager: 	at android.os.Handler.handleCallback(Handler.java:1001)
05-03 23:49:28.278  1998  2188 E ActivityManager: 	at android.os.Handler.dispatchMessage(Handler.java:105)
05-03 23:49:28.278  1998  2188 E ActivityManager: 	at android.os.Looper.loopOnce(Looper.java:268)
05-03 23:49:28.278  1998  2188 E ActivityManager: 	at android.os.Looper.loop(Looper.java:384)
05-03 23:49:28.278  1998  2188 E ActivityManager: 	at android.os.HandlerThread.run(HandlerThread.java:103)
05-03 23:49:28.278  1998  2188 E ActivityManager: 	at com.android.server.ServiceThread.run(ServiceThread.java:46)
05-03 23:49:28.278  1998  2188 I ActivityManager: Force stopping net.one97.paytm appid=10435 user=0: start failure
05-03 23:49:28.281  1998  2115 D DisplayManagerService: Drop pending events for gone uid 10435
05-03 23:49:28.281 30330 30333 I artd    : GetBestInfo: odex next to the dex file (/data/app/~~PmqbFIKVqMrjtlTCdHc6uQ==/com.supercell.clashroyale-bJf7sYXwFnaU2e5EhexrsA==/oat/arm64/base.odex) is kOatUpToDate with filter 'speed-profile' executable 'false'
05-03 23:49:28.284  1998  2188 I ActivityManager:   Force stopping service ServiceRecord{3255ab u0 net.one97.paytm/androidx.work.impl.background.systemjob.SystemJobService c:android}
05-03 23:49:28.287  1998  2625 W PackageManager: Missing required system package: com.facebook.stella, but found with extended search.
05-03 23:49:28.288  1998  2625 V GrammaticalInflectionUtils: AttributionSource: android.content.AttributionSource@5b32669f does not have READ_SYSTEM_GRAMMATICAL_GENDER permission.
05-03 23:49:28.291  1998  2188 W PackageManager: Missing required system package: com.facebook.stella, but found with extended search.
05-03 23:49:28.291  1998  2188 W MotoBatteryCareService: isBatteryCareAllowedSelfStart restricted by mode.
05-03 23:49:28.291  1998  2126 I ActivityManager: Exiting empty application process 0:net.one97.paytm/u0a435 (null)
05-03 23:49:28.291  1998  2188 W MotoBatteryCareService: restricted process start because of alarm or job. packageName=com.facebook.stella
05-03 23:49:28.295  1998  2188 E ActivityManager: Failure starting process com.facebook.stella
05-03 23:49:28.295  1998  2188 E ActivityManager: java.lang.RuntimeException: SmartBackground restriction
05-03 23:49:28.295  1998  2188 E ActivityManager: 	at com.android.server.am.ProcessList.startProcess(ProcessList.java:2595)
05-03 23:49:28.295  1998  2188 E ActivityManager: 	at com.android.server.am.ProcessList.lambda$handleProcessStart$2(ProcessList.java:2369)
05-03 23:49:28.295  1998  2188 E ActivityManager: 	at com.android.server.am.ProcessList.$r8$lambda$7tA7FGK86Ca7_MUb7SZX_VtkDjI(ProcessList.java:0)
05-03 23:49:28.295  1998  2188 E ActivityManager: 	at com.android.server.am.ProcessList$$ExternalSyntheticLambda6.run(R8$$SyntheticClass:0)
05-03 23:49:28.295  1998  2188 E ActivityManager: 	at com.android.server.am.ProcessList.handleProcessStart(ProcessList.java:2396)
05-03 23:49:28.295  1998  2188 E ActivityManager: 	at com.android.server.am.ProcessList.lambda$startProcessLocked$1(ProcessList.java:2335)
05-03 23:49:28.295  1998  2188 E ActivityManager: 	at com.android.server.am.ProcessList.$r8$lambda$CJ9r0QvrztLxvJRHzZHIx3Om9NE(ProcessList.java:0)
05-03 23:49:28.295  1998  2188 E ActivityManager: 	at com.android.server.am.ProcessList$$ExternalSyntheticLambda5.run(R8$$SyntheticClass:0)
05-03 23:49:28.295  1998  2188 E ActivityManager: 	at android.os.Handler.handleCallback(Handler.java:1001)
05-03 23:49:28.295  1998  2188 E ActivityManager: 	at android.os.Handler.dispatchMessage(Handler.java:105)
05-03 23:49:28.295  1998  2188 E ActivityManager: 	at android.os.Looper.loopOnce(Looper.java:268)
05-03 23:49:28.295  1998  2188 E ActivityManager: 	at android.os.Looper.loop(Looper.java:384)
05-03 23:49:28.295  1998  2188 E ActivityManager: 	at android.os.HandlerThread.run(HandlerThread.java:103)
05-03 23:49:28.295  1998  2188 E ActivityManager: 	at com.android.server.ServiceThread.run(ServiceThread.java:46)
05-03 23:49:28.295  1998  2188 I ActivityManager: Force stopping com.facebook.stella appid=10080 user=0: start failure
05-03 23:49:28.296  1998  2115 D DisplayManagerService: Drop pending events for gone uid 10080
05-03 23:49:28.298  1998  2188 I ActivityManager:   Force stopping service ServiceRecord{b4c18b4 u0 com.facebook.stella/androidx.work.impl.background.systemjob.SystemJobService c:android}
05-03 23:49:28.301  1998  2625 W PackageManager: Missing required system package: com.facebook.stella, but found with extended search.
05-03 23:49:28.302  1998  2625 V GrammaticalInflectionUtils: AttributionSource: android.content.AttributionSource@5b32669f does not have READ_SYSTEM_GRAMMATICAL_GENDER permission.
05-03 23:49:28.303  1998  2188 W PackageManager: Missing required system package: com.facebook.stella, but found with extended search.
05-03 23:49:28.304  1998  2188 W MotoBatteryCareService: isBatteryCareAllowedSelfStart restricted by mode.
05-03 23:49:28.304  1998  2188 W MotoBatteryCareService: restricted process start because of alarm or job. packageName=com.facebook.stella
05-03 23:49:28.304  1998  2188 E ActivityManager: Failure starting process com.facebook.stella
05-03 23:49:28.304  1998  2188 E ActivityManager: java.lang.RuntimeException: SmartBackground restriction
05-03 23:49:28.304  1998  2188 E ActivityManager: 	at com.android.server.am.ProcessList.startProcess(ProcessList.java:2595)
05-03 23:49:28.304  1998  2188 E ActivityManager: 	at com.android.server.am.ProcessList.lambda$handleProcessStart$2(ProcessList.java:2369)
05-03 23:49:28.304  1998  2188 E ActivityManager: 	at com.android.server.am.ProcessList.$r8$lambda$7tA7FGK86Ca7_MUb7SZX_VtkDjI(ProcessList.java:0)
05-03 23:49:28.304  1998  2188 E ActivityManager: 	at com.android.server.am.ProcessList$$ExternalSyntheticLambda6.run(R8$$SyntheticClass:0)
05-03 23:49:28.304  1998  2188 E ActivityManager: 	at com.android.server.am.ProcessList.handleProcessStart(ProcessList.java:2396)
05-03 23:49:28.304  1998  2188 E ActivityManager: 	at com.android.server.am.ProcessList.lambda$startProcessLocked$1(ProcessList.java:2335)
05-03 23:49:28.304  1998  2188 E ActivityManager: 	at com.android.server.am.ProcessList.$r8$lambda$CJ9r0QvrztLxvJRHzZHIx3Om9NE(ProcessList.java:0)
05-03 23:49:28.304  1998  2188 E ActivityManager: 	at com.android.server.am.ProcessList$$ExternalSyntheticLambda5.run(R8$$SyntheticClass:0)
05-03 23:49:28.304  1998  2188 E ActivityManager: 	at android.os.Handler.handleCallback(Handler.java:1001)
05-03 23:49:28.304  1998  2188 E ActivityManager: 	at android.os.Handler.dispatchMessage(Handler.java:105)
05-03 23:49:28.304  1998  2188 E ActivityManager: 	at android.os.Looper.loopOnce(Looper.java:268)
05-03 23:49:28.304  1998  2188 E ActivityManager: 	at android.os.Looper.loop(Looper.java:384)
05-03 23:49:28.304  1998  2188 E ActivityManager: 	at android.os.HandlerThread.run(HandlerThread.java:103)
05-03 23:49:28.304  1998  2188 E ActivityManager: 	at com.android.server.ServiceThread.run(ServiceThread.java:46)
05-03 23:49:28.304  1998  2188 I ActivityManager: Force stopping com.facebook.stella appid=10080 user=0: start failure
05-03 23:49:28.305  1998  1998 E JobServiceContext: Binding died for 0:net.one97.paytm
05-03 23:49:28.306  1998  2115 D DisplayManagerService: Drop pending events for gone uid 10080
05-03 23:49:28.308  1998  2188 I ActivityManager:   Force stopping service ServiceRecord{2384f9e u0 com.facebook.stella/androidx.work.impl.background.systemjob.SystemJobService c:android}
05-03 23:49:28.310  1998  2126 I ActivityManager: Exiting empty application process 0:com.facebook.stella/u0a80 (null)
05-03 23:49:28.310  1998  2126 I ActivityManager: Exiting empty application process 0:com.facebook.stella/u0a80 (null)
05-03 23:49:28.315  1747  2644 D BufferPoolAccessor2.0: evictor expired: 1, evicted: 0
05-03 23:49:28.316  1998  1998 E JobServiceContext: Binding died for 0:com.facebook.stella
05-03 23:49:28.317  1667  2700 D BufferPoolAccessor2.0: evictor expired: 1, evicted: 0
05-03 23:49:28.319  1998  1998 E JobServiceContext: Binding died for 0:com.facebook.stella
05-03 23:49:28.343   835  3860 D BufferPoolAccessor2.0: bufferpool2 0xb4000077b5e2f628 : 0(0 size) total buffers - 0(0 size) used buffers - 2/7 (recycle/alloc) - 5/36 (fetch/transfer)
05-03 23:49:28.343   835  3860 D BufferPoolAccessor2.0: bufferpool2 0xb4000077b5e2f828 : 0(0 size) total buffers - 0(0 size) used buffers - 1/7 (recycle/alloc) - 6/34 (fetch/transfer)
05-03 23:49:28.343   835  3860 D BufferPoolAccessor2.0: evictor expired: 2, evicted: 2
05-03 23:49:28.352 30330 30333 I artd    : GetBestInfo: odex next to the dex file (/data/app/~~FEopYcZ9mE0W99fUbCdPJA==/com.google.android.apps.setupwizard.searchselector-qgIj4jmtxoxM-05lrP6dUA==/oat/arm64/base.odex) is kOatUpToDate with filter 'speed-profile' executable 'false'
05-03 23:49:28.365 30330 30332 I artd    : GetBestInfo: odex next to the dex file (/data/app/~~q12QjNiDiGELBIV1sgZqmA==/com.dti.motorola-SIZ36O2xePxCOytZSBAqeQ==/oat/arm64/base.odex) is kOatUpToDate with filter 'speed-profile' executable 'false'
05-03 23:49:28.368 30330 30332 I artd    : GetBestInfo: odex next to the dex file (/data/app/~~q12QjNiDiGELBIV1sgZqmA==/com.dti.motorola-SIZ36O2xePxCOytZSBAqeQ==/oat/arm64/split_attribution.odex) is kOatUpToDate with filter 'speed-profile' executable 'false'
05-03 23:49:28.371 30330 30332 I artd    : GetBestInfo: odex next to the dex file (/data/app/~~q12QjNiDiGELBIV1sgZqmA==/com.dti.motorola-SIZ36O2xePxCOytZSBAqeQ==/oat/arm64/split_contentMedia.odex) is kOatUpToDate with filter 'speed-profile' executable 'false'
05-03 23:49:28.375 30330 30332 I artd    : GetBestInfo: odex next to the dex file (/data/app/~~q12QjNiDiGELBIV1sgZqmA==/com.dti.motorola-SIZ36O2xePxCOytZSBAqeQ==/oat/arm64/split_dynamicInstalls.odex) is kOatUpToDate with filter 'speed-profile' executable 'false'
05-03 23:49:28.380 30330 30332 I artd    : GetBestInfo: odex next to the dex file (/data/app/~~q12QjNiDiGELBIV1sgZqmA==/com.dti.motorola-SIZ36O2xePxCOytZSBAqeQ==/oat/arm64/split_igniteCompat.odex) is kOatUpToDate with filter 'speed-profile' executable 'false'
05-03 23:49:28.384 30330 30332 I artd    : GetBestInfo: odex next to the dex file (/data/app/~~q12QjNiDiGELBIV1sgZqmA==/com.dti.motorola-SIZ36O2xePxCOytZSBAqeQ==/oat/arm64/split_motorola.odex) is kOatUpToDate with filter 'speed-profile' executable 'false'
05-03 23:49:28.389 30330 30332 I artd    : GetBestInfo: odex next to the dex file (/data/app/~~q12QjNiDiGELBIV1sgZqmA==/com.dti.motorola-SIZ36O2xePxCOytZSBAqeQ==/oat/arm64/split_notification.odex) is kOatUpToDate with filter 'speed-profile' executable 'false'
05-03 23:49:28.394 30330 30332 I artd    : GetBestInfo: odex next to the dex file (/data/app/~~q12QjNiDiGELBIV1sgZqmA==/com.dti.motorola-SIZ36O2xePxCOytZSBAqeQ==/oat/arm64/split_packageUsageStats.odex) is kOatUpToDate with filter 'speed-profile' executable 'false'
05-03 23:49:28.400 30330 30332 I artd    : GetBestInfo: odex next to the dex file (/data/app/~~q12QjNiDiGELBIV1sgZqmA==/com.dti.motorola-SIZ36O2xePxCOytZSBAqeQ==/oat/arm64/split_serviceLayer.odex) is kOatUpToDate with filter 'speed-profile' executable 'false'
05-03 23:49:28.405 30330 30333 I artd    : GetBestInfo: odex next to the dex file (/data/app/~~q12QjNiDiGELBIV1sgZqmA==/com.dti.motorola-SIZ36O2xePxCOytZSBAqeQ==/oat/arm64/split_singleTap.odex) is kOatUpToDate with filter 'speed-profile' executable 'false'
05-03 23:49:28.456  2884  2927 V WindowManagerShell: Transition animation finished (aborted=false), notifying core (#321) android.os.BinderProxy@dbb4944@0
05-03 23:49:28.458  1998  2114 V WindowManager: Finish Transition (#321): created at 05-03 23:49:28.109 collect-started=0.049ms request-sent=14.163ms started=17.31ms ready=57.472ms sent=59.837ms finished=349.397ms
05-03 23:49:28.460  5674  5674 D VRI[CustomizationPanelLauncher]: visibilityChanged oldVisibility=true newVisibility=false
05-03 23:49:28.460 30330 30333 I artd    : GetBestInfo: vdex next to the dex file (/data/app/~~q12QjNiDiGELBIV1sgZqmA==/com.dti.motorola-SIZ36O2xePxCOytZSBAqeQ==/oat/arm64/split_ui.vdex) is kOatUpToDate with filter 'verify' executable 'false'
05-03 23:49:28.461  5254  5254 D VRI[CustomizationPanelLauncher]: visibilityChanged oldVisibility=true newVisibility=false
05-03 23:49:28.464  2884  2927 V WindowManagerShell: Track 0 became idle
05-03 23:49:28.464  2884  2927 V WindowManagerShell: All active transition animations finished
05-03 23:49:28.465  5674  5752 D Surface : Surface::disconnect
05-03 23:49:28.465  5674  5752 D BufferQueueProducer: [com.motorola.launcher3/com.android.launcher3.CustomizationPanelLauncher#4670(BLAST Consumer)pid:5674](id:162a00000048,api:1,p:5674,c:5674) disconnect: api 1
05-03 23:49:28.465  1998  8503 W UserManagerService: Requested status bar icon for non-badged user 0
05-03 23:49:28.466  5254  5331 D Surface : Surface::disconnect
05-03 23:49:28.466  5254  5331 D BufferQueueProducer: [com.motorola.launcher3/com.android.launcher3.CustomizationPanelLauncher#4671(BLAST Consumer)pid:5254](id:148600000185,api:1,p:5254,c:5254) disconnect: api 1
05-03 23:49:28.466 30330 30333 I artd    : GetBestInfo: vdex next to the dex file (/data/app/~~q12QjNiDiGELBIV1sgZqmA==/com.dti.motorola-SIZ36O2xePxCOytZSBAqeQ==/oat/arm64/split_webview.vdex) is kOatUpToDate with filter 'verify' executable 'false'
05-03 23:49:28.475 30330 30332 I artd    : GetBestInfo: odex next to the dex file (/data/app/~~q12QjNiDiGELBIV1sgZqmA==/com.dti.motorola-SIZ36O2xePxCOytZSBAqeQ==/oat/arm64/split_wizard.odex) is kOatUpToDate with filter 'speed-profile' executable 'false'
05-03 23:49:28.476  1998  5813 W UserManagerService: Requested status bar icon for non-badged user 0
05-03 23:49:28.515 17797 17797 W Finsky  : [2] STU: Failed to get storage stats for package 'com.google.android.os.statsd' (1601: Error getting stats: android.content.pm.PackageManager.NameNotFoundException)
05-03 23:49:28.534 30330 30332 I artd    : GetBestInfo: odex next to the dex file (/data/app/~~zoIh617sJNiFGi0Bta7a7Q==/in.burgerking.android-9GHPO5FmapXLRA-cWX9tPg==/oat/arm64/base.odex) is kOatUpToDate with filter 'speed-profile' executable 'false'
05-03 23:49:28.565 30330 30332 I artd    : GetBestInfo: odex next to the dex file (/data/app/~~CqZ6v0PggjNcnYK5_JIQ2w==/com.motorola.livewallpaper3-OzQPM3YhF4OaAW5iylV-Yw==/oat/arm64/base.odex) is kOatUpToDate with filter 'speed-profile' executable 'false'
05-03 23:49:28.573 17797 17797 W Finsky  : [2] STU: Failed to get storage stats for package 'com.android.rkpd' (1601: Error getting stats: android.content.pm.PackageManager.NameNotFoundException)
05-03 23:49:28.587 17797 17797 W Finsky  : [2] STU: Failed to get storage stats for package 'com.google.android.scheduling' (1601: Error getting stats: android.content.pm.PackageManager.NameNotFoundException)
