05-03 23:49:25.722  3486  3504 W .apps.wellbeing: ApkAssets: Deleting an ApkAssets object '<empty> and /data/app/~~br93bc3GklX6LifY01LUkQ==/com.motorola.motcameradesktop-E5R1nIK7la6B3UoEhVMgHw==/base.apk' with 1 weak references
05-03 23:49:25.724  3486  3504 W .apps.wellbeing: ApkAssets: Deleting an ApkAssets object '<empty> and /apex/com.android.btservices/app/Bluetooth@V1UGS35M.75-14-9-3-1-1/Bluetooth.apk' with 1 weak references
05-03 23:49:25.724  3486  3504 W .apps.wellbeing: ApkAssets: Deleting an ApkAssets object '<empty> and /system/priv-app/ContactsProvider/ContactsProvider.apk' with 1 weak references
05-03 23:49:25.724  3486  3504 W .apps.wellbeing: ApkAssets: Deleting an ApkAssets object '<empty> and /product/overlay/IconShapeRoundedRect/IconShapeRoundedRectOverlay.apk' with 1 weak references
05-03 23:49:25.725  3486  3504 W .apps.wellbeing: ApkAssets: Deleting an ApkAssets object '<empty> and /system_ext/priv-app/MotoInstaller/MotoInstaller.apk' with 1 weak references
05-03 23:49:25.725  3486  3504 W .apps.wellbeing: ApkAssets: Deleting an ApkAssets object '<empty> and /system_ext/priv-app/ImagerTuning-V/ImagerTuning-V.apk' with 1 weak references
05-03 23:49:25.725  3486  3504 W .apps.wellbeing: ApkAssets: Deleting an ApkAssets object '<empty> and /apex/com.android.mediaprovider/priv-app/PhotopickerGoogle@361521100/PhotopickerGoogle.apk' with 1 weak references
05-03 23:49:25.726  3486  3504 W .apps.wellbeing: ApkAssets: Deleting an ApkAssets object '<empty> and /data/app/~~3oF3B6GT6MCkhQmsrDQmSA==/com.motorola.om-1tSUUImtoHo3I609rwSWag==/base.apk' with 1 weak references
05-03 23:49:25.726  3486  3504 W .apps.wellbeing: ApkAssets: Deleting an ApkAssets object '<empty> and /data/app/~~3oF3B6GT6MCkhQmsrDQmSA==/com.motorola.om-1tSUUImtoHo3I609rwSWag==/split_config.arm64_v8a.apk' with 1 weak references
05-03 23:49:25.726  3486  3504 W .apps.wellbeing: ApkAssets: Deleting an ApkAssets object '<empty> and /data/app/~~3oF3B6GT6MCkhQmsrDQmSA==/com.motorola.om-1tSUUImtoHo3I609rwSWag==/split_config.en.apk' with 1 weak references
05-03 23:49:25.726  3486  3504 W .apps.wellbeing: ApkAssets: Deleting an ApkAssets object '<empty> and /data/app/~~3oF3B6GT6MCkhQmsrDQmSA==/com.motorola.om-1tSUUImtoHo3I609rwSWag==/split_config.xhdpi.apk' with 1 weak references
05-03 23:49:25.727  3486  3504 W .apps.wellbeing: ApkAssets: Deleting an ApkAssets object '<empty> and /data/app/~~A70wIXvxKk_8aNsgILWo8Q==/com.microsoft.teams-P_Yyjtb_NsyIq74j4l_oVg==/base.apk' with 1 weak references
05-03 23:49:25.727  3486  3504 W .apps.wellbeing: ApkAssets: Deleting an ApkAssets object '<empty> and /data/app/~~A70wIXvxKk_8aNsgILWo8Q==/com.microsoft.teams-P_Yyjtb_NsyIq74j4l_oVg==/split_config.arm64_v8a.apk' with 1 weak references
05-03 23:49:25.727  3486  3504 W .apps.wellbeing: ApkAssets: Deleting an ApkAssets object '<empty> and /data/app/~~A70wIXvxKk_8aNsgILWo8Q==/com.microsoft.teams-P_Yyjtb_NsyIq74j4l_oVg==/split_config.en.apk' with 1 weak references
05-03 23:49:25.727  3486  3504 W .apps.wellbeing: ApkAssets: Deleting an ApkAssets object '<empty> and /data/app/~~A70wIXvxKk_8aNsgILWo8Q==/com.microsoft.teams-P_Yyjtb_NsyIq74j4l_oVg==/split_config.xhdpi.apk' with 1 weak references
05-03 23:49:25.728  3486  3504 W .apps.wellbeing: ApkAssets: Deleting an ApkAssets object '<empty> and /data/app/~~gL8HzvjxT4-H8wK736A_Hg==/com.google.android.inputmethod.latin-ZbsXjXIjM8b3DZkQovwnbA==/base.apk' with 1 weak references
05-03 23:49:25.728  3486  3504 W .apps.wellbeing: ApkAssets: Deleting an ApkAssets object '<empty> and /data/app/~~gL8HzvjxT4-H8wK736A_Hg==/com.google.android.inputmethod.latin-ZbsXjXIjM8b3DZkQovwnbA==/split_brella_feature_split.apk' with 1 weak references
05-03 23:49:25.728  3486  3504 W .apps.wellbeing: ApkAssets: Deleting an ApkAssets object '<empty> and /data/app/~~gL8HzvjxT4-H8wK736A_Hg==/com.google.android.inputmethod.latin-ZbsXjXIjM8b3DZkQovwnbA==/split_config.xhdpi.apk' with 1 weak references
05-03 23:49:25.728  3486  3504 W .apps.wellbeing: ApkAssets: Deleting an ApkAssets object '<empty> and /data/app/~~gL8HzvjxT4-H8wK736A_Hg==/com.google.android.inputmethod.latin-ZbsXjXIjM8b3DZkQovwnbA==/split_dictation_feature_split.apk' with 1 weak references
05-03 23:49:25.728  3486  3504 W .apps.wellbeing: ApkAssets: Deleting an ApkAssets object '<empty> and /data/app/~~gL8HzvjxT4-H8wK736A_Hg==/com.google.android.inputmethod.latin-ZbsXjXIjM8b3DZkQovwnbA==/split_tenoranimation_feature_split.apk' with 1 weak references
05-03 23:49:25.728  3486  3504 W .apps.wellbeing: ApkAssets: Deleting an ApkAssets object '<empty> and /product/priv-app/Vowifi/Vowifi.apk' with 1 weak references
05-03 23:49:25.729  3486  3504 W .apps.wellbeing: ApkAssets: Deleting an ApkAssets object '<empty> and /data/app/~~q12QjNiDiGELBIV1sgZqmA==/com.dti.motorola-SIZ36O2xePxCOytZSBAqeQ==/base.apk' with 1 weak references
05-03 23:49:25.729  3486  3504 W .apps.wellbeing: ApkAssets: Deleting an ApkAssets object '<empty> and /data/app/~~q12QjNiDiGELBIV1sgZqmA==/com.dti.motorola-SIZ36O2xePxCOytZSBAqeQ==/split_attribution.apk' with 1 weak references
05-03 23:49:25.729  3486  3504 W .apps.wellbeing: ApkAssets: Deleting an ApkAssets object '<empty> and /data/app/~~q12QjNiDiGELBIV1sgZqmA==/com.dti.motorola-SIZ36O2xePxCOytZSBAqeQ==/split_contentMedia.apk' with 1 weak references
05-03 23:49:25.729  3486  3504 W .apps.wellbeing: ApkAssets: Deleting an ApkAssets object '<empty> and /data/app/~~q12QjNiDiGELBIV1sgZqmA==/com.dti.motorola-SIZ36O2xePxCOytZSBAqeQ==/split_dynamicInstalls.apk' with 1 weak references
05-03 23:49:25.729  3486  3504 W .apps.wellbeing: ApkAssets: Deleting an ApkAssets object '<empty> and /data/app/~~q12QjNiDiGELBIV1sgZqmA==/com.dti.motorola-SIZ36O2xePxCOytZSBAqeQ==/split_igniteCompat.apk' with 1 weak references
05-03 23:49:25.729  3486  3504 W .apps.wellbeing: ApkAssets: Deleting an ApkAssets object '<empty> and /data/app/~~q12QjNiDiGELBIV1sgZqmA==/com.dti.motorola-SIZ36O2xePxCOytZSBAqeQ==/split_motorola.apk' with 1 weak references
05-03 23:49:25.729  3486  3504 W .apps.wellbeing: ApkAssets: Deleting an ApkAssets object '<empty> and /data/app/~~q12QjNiDiGELBIV1sgZqmA==/com.dti.motorola-SIZ36O2xePxCOytZSBAqeQ==/split_notification.apk' with 1 weak references
05-03 23:49:25.729  3486  3504 W .apps.wellbeing: ApkAssets: Deleting an ApkAssets object '<empty> and /data/app/~~q12QjNiDiGELBIV1sgZqmA==/com.dti.motorola-SIZ36O2xePxCOytZSBAqeQ==/split_packageUsageStats.apk' with 1 weak references
05-03 23:49:25.729  3486  3504 W .apps.wellbeing: ApkAssets: Deleting an ApkAssets object '<empty> and /data/app/~~q12QjNiDiGELBIV1sgZqmA==/com.dti.motorola-SIZ36O2xePxCOytZSBAqeQ==/split_serviceLayer.apk' with 1 weak references
05-03 23:49:25.729  3486  3504 W .apps.wellbeing: ApkAssets: Deleting an ApkAssets object '<empty> and /data/app/~~q12QjNiDiGELBIV1sgZqmA==/com.dti.motorola-SIZ36O2xePxCOytZSBAqeQ==/split_singleTap.apk' with 1 weak references
05-03 23:49:25.729  3486  3504 W .apps.wellbeing: ApkAssets: Deleting an ApkAssets object '<empty> and /data/app/~~q12QjNiDiGELBIV1sgZqmA==/com.dti.motorola-SIZ36O2xePxCOytZSBAqeQ==/split_ui.apk' with 1 weak references
05-03 23:49:25.730  3486  3504 W .apps.wellbeing: ApkAssets: Deleting an ApkAssets object '<empty> and /data/app/~~q12QjNiDiGELBIV1sgZqmA==/com.dti.motorola-SIZ36O2xePxCOytZSBAqeQ==/split_webview.apk' with 1 weak references
05-03 23:49:25.730  3486  3504 W .apps.wellbeing: ApkAssets: Deleting an ApkAssets object '<empty> and /data/app/~~q12QjNiDiGELBIV1sgZqmA==/com.dti.motorola-SIZ36O2xePxCOytZSBAqeQ==/split_wizard.apk' with 1 weak references
05-03 23:49:25.730  3486  3504 W .apps.wellbeing: ApkAssets: Deleting an ApkAssets object '<empty> and /data/app/~~b2QMjFkIUVaKVZKZnuTC4w==/com.google.android.apps.restore-S-8edgqh3TE7UHO_uO8rfA==/base.apk' with 1 weak references
05-03 23:49:25.730  3486  3504 W .apps.wellbeing: ApkAssets: Deleting an ApkAssets object '<empty> and /data/app/~~b2QMjFkIUVaKVZKZnuTC4w==/com.google.android.apps.restore-S-8edgqh3TE7UHO_uO8rfA==/split_config.xhdpi.apk' with 1 weak references
05-03 23:49:25.747 30330 30332 I artd    : GetBestInfo: odex next to the dex file (/data/app/~~N5BwHWBuGon_XZCQxR_O-w==/cobos.svgviewer-ncEieyxCFkWZgzS95TveVw==/oat/arm64/base.odex) is kOatUpToDate with filter 'speed-profile' executable 'false'
05-03 23:49:25.768 30330 30333 I artd    : GetBestInfo: odex next to the dex file (/data/app/~~eKPrU6UlY3uoAcHJP_AdkA==/com.google.android.apps.carrier.carrierwifi-i6Z1vMeXDSMjJ8AtyOkk2w==/oat/arm64/base.odex) is kOatUpToDate with filter 'speed-profile' executable 'false'
05-03 23:49:25.785 30330 30333 I artd    : GetBestInfo: odex next to the dex file (/data/app/~~B7YVzjw0OjXe4txAUhC_AQ==/com.myntra.android-wV7IWTvpwZjaMXKFTB1VtA==/oat/arm64/base.odex) is kOatUpToDate with filter 'speed-profile' executable 'false'
05-03 23:49:25.796 30330 30333 I artd    : GetBestInfo: odex next to the dex file (/data/app/~~NPimg8sbgJKaTv1adFApxA==/com.google.android.apps.wellbeing-GdSaDQ5hjdyAf9TpgYrMcA==/oat/arm64/base.odex) is kOatUpToDate with filter 'speed-profile' executable 'false'
05-03 23:49:25.823 30330 30332 I artd    : GetBestInfo: odex next to the dex file (/data/app/~~9Xb-B5F1Gw7w8CSAZgClcw==/com.boAt.hearables-I5IP65KluwtiZXF3NL1naA==/oat/arm64/base.odex) is kOatUpToDate with filter 'speed-profile' executable 'false'
05-03 23:49:25.844 30330 30333 I artd    : GetBestInfo: odex next to the dex file (/data/app/~~AiCkcc8IHQRMvJTgbHZZwg==/com.heytap.headset-va7AVoLg5oOJRqGbtipyjg==/oat/arm64/base.odex) is kOatUpToDate with filter 'speed-profile' executable 'false'
05-03 23:49:25.879 30330 30333 I artd    : GetBestInfo: odex next to the dex file (/data/app/~~gxzQZlxmhCCR4WNiASQi3g==/org.videolan.vlc-0wKELqQJXNu_M5WvCfJbgA==/oat/arm64/base.odex) is kOatUpToDate with filter 'speed-profile' executable 'false'
05-03 23:49:25.901 30330 30333 I artd    : GetBestInfo: odex next to the dex file (/data/app/~~3oF3B6GT6MCkhQmsrDQmSA==/com.motorola.om-1tSUUImtoHo3I609rwSWag==/oat/arm64/base.odex) is kOatUpToDate with filter 'speed-profile' executable 'false'
05-03 23:49:25.919 30330 30332 I artd    : GetBestInfo: odex next to the dex file (/data/app/~~b2QMjFkIUVaKVZKZnuTC4w==/com.google.android.apps.restore-S-8edgqh3TE7UHO_uO8rfA==/oat/arm64/base.odex) is kOatUpToDate with filter 'speed-profile' executable 'false'
05-03 23:49:25.934  1998  5814 W PackageManager: Missing required system package: com.spotify.music, but found with extended search.
05-03 23:49:25.936  1998  5814 W PackageManager: Missing required system package: app.revanced.android.gms, but found with extended search.
05-03 23:49:25.970 30330 30332 I artd    : GetBestInfo: odex next to the dex file (/data/app/~~2zn71Regy-04Nc1lA6T_3g==/com.xlsxviewerapp.xlsxreader.xlsxeditor.editexel.exel.xlsx.xls.spreadsheeteditor-Z5w-ffqkIzpfgrmoKo0JFQ==/oat/arm64/base.odex) is kOatUpToDate with filter 'speed-profile' executable 'false'
05-03 23:49:25.990 30330 30333 I artd    : GetBestInfo: vdex next to the dex file (/data/user/0/com.xlsxviewerapp.xlsxreader.xlsxeditor.editexel.exel.xlsx.xls.spreadsheeteditor/app_pccache/5/F2FF627D940052495BF0C0AF15E5A0B2723F5469/oat/arm64/pcam.vdex) is kOatUpToDate with filter 'verify' executable 'false'
05-03 23:49:26.005 30330 30333 I artd    : GetBestInfo: vdex next to the dex file (/data/user/0/com.xlsxviewerapp.xlsxreader.xlsxeditor.editexel.exel.xlsx.xls.spreadsheeteditor/app_pccache/5/362BAA1E742037C69CD8BF98C5D97909342864E7/oat/arm64/pcam.vdex) is kOatUpToDate with filter 'verify' executable 'false'
05-03 23:49:26.022 17797 17797 W Finsky  : [2] STU: Failed to get storage stats for package 'com.motorola.enterprise' (1601: Error getting stats: android.content.pm.PackageManager.NameNotFoundException)
05-03 23:49:26.036 30330 32195 I artd    : GetBestInfo: odex next to the dex file (/data/app/~~bjf31jKy2hen7tsUYTFZNw==/com.motorola.genie-3_phQM6CRFY3RE0TJG4YWA==/oat/arm64/base.odex) is kOatUpToDate with filter 'speed-profile' executable 'false'
05-03 23:49:26.058 30330 30333 I artd    : GetBestInfo: odex next to the dex file (/data/app/~~44S1tDr6uZuvg-dBn3zkhQ==/com.google.android.apps.photos-wMCWPcon5dLp9_oCojScUg==/oat/arm64/base.odex) is kOatUpToDate with filter 'speed-profile' executable 'false'
05-03 23:49:26.089 30330 32195 I artd    : GetBestInfo: vdex next to the dex file (/data/app/~~wBa0pL3WNb03gAGepZQRkQ==/org.chromium.webapk.a984c61f6b3b3b974_v2-yKSdLxCZY7LOg-Cy5-Fb8g==/oat/arm64/base.vdex) is kOatUpToDate with filter 'verify' executable 'false'
05-03 23:49:26.094 30330 30333 I artd    : GetBestInfo: vdex next to the dex file (/data/user/0/org.chromium.webapk.a984c61f6b3b3b974_v2/app_dex/oat/arm64/webapk8.vdex) is kOatUpToDate with filter 'verify' executable 'false'
05-03 23:49:26.140 30330 32195 I artd    : GetBestInfo: odex next to the dex file (/data/app/~~KlJ5XJd8_2125mlINN2cYg==/com.cv.docscanner-XAPjUErLD9PZq7p4bEcbWg==/oat/arm64/base.odex) is kOatUpToDate with filter 'speed-profile' executable 'false'
05-03 23:49:26.146 30330 30332 I artd    : GetBestInfo: vdex next to the dex file (/data/user/0/com.cv.docscanner/app_pccache/5/B6EA2E920DF34AD079952BEB09AEEF53F19B467E/oat/arm64/pcam.vdex) is kOatUpToDate with filter 'verify' executable 'false'
05-03 23:49:26.160 30330 32195 I artd    : GetBestInfo: vdex next to the dex file (/data/user/0/com.cv.docscanner/app_pccache/5/31A608BBC774481EC4B6A2274A0729389E78E19D/oat/arm64/pcam.vdex) is kOatUpToDate with filter 'verify' executable 'false'
05-03 23:49:26.187 30330 30333 I artd    : GetBestInfo: vdex next to the dex file (/data/app/~~AHWkikn3BZFAAcOi08mZPw==/com.gesturescreen.prototype-FCExj7hNNqT7G_4k-1mxkg==/oat/arm64/base.vdex) is kOatUpToDate with filter 'verify' executable 'false'
05-03 23:49:26.231 17797 17797 W Finsky  : [2] STU: Failed to get storage stats for package 'com.google.android.tzdata6' (1601: Error getting stats: android.content.pm.PackageManager.NameNotFoundException)
05-03 23:49:26.249 30330 30332 I artd    : GetBestInfo: odex next to the dex file (/data/app/~~sabbpmarXN0aGDv-jR_Nzw==/in.org.npci.upiapp-dSnzphuWtwyBK_hBi9Xm4Q==/oat/arm64/base.odex) is kOatUpToDate with filter 'speed-profile' executable 'false'
05-03 23:49:26.290 30330 30332 I artd    : GetBestInfo: odex next to the dex file (/data/app/~~H3NCu5tTkbBYKCdaqI-6TQ==/com.pl.premierleague-GVZ0bn3pXoVxQZdlDfs2BQ==/oat/arm64/base.odex) is kOatUpToDate with filter 'speed-profile' executable 'false'
05-03 23:49:26.326 17797 17797 W Finsky  : [2] STU: Failed to get storage stats for package 'com.google.android.permission' (1601: Error getting stats: android.content.pm.PackageManager.NameNotFoundException)
05-03 23:49:26.356 30330 30332 I artd    : GetBestInfo: odex next to the dex file (/data/app/~~08eILTEyIREKfZ93e1QS1A==/com.sonyliv-fYYY-IKd74qzhE7JFOQLbQ==/oat/arm64/base.odex) is kOatUpToDate with filter 'speed-profile' executable 'false'
05-03 23:49:26.368 30330 30332 I artd    : GetBestInfo: vdex next to the dex file (/data/user/0/com.sonyliv/app_pccache/5/EEE20DEE2B9E8FD13D3BD7940C93E19263473270/oat/arm64/pcam.vdex) is kOatUpToDate with filter 'verify' executable 'false'
05-03 23:49:26.379 30330 30333 I artd    : GetBestInfo: odex next to the dex file (/data/user/0/com.sonyliv/app_pccache/5/591C52BA23C4E0E4C6EB8A94DE92F532A215A628/oat/arm64/pcam.odex) is kOatUpToDate with filter 'speed-profile' executable 'false'
05-03 23:49:26.406 30330 32195 I artd    : GetBestInfo: odex next to the dex file (/data/app/~~C7ne9Hq1hl0t0cerGL_Dpw==/com.facebook.system-p4JaVaOkFaoCVI1z2zl-6Q==/oat/arm64/base.odex) is kOatUpToDate with filter 'speed-profile' executable 'false'
05-03 23:49:26.428 30330 30332 I artd    : GetBestInfo: odex next to the dex file (/data/app/~~zF-0fkBI9jlnQFHGlBslUA==/com.facebook.katana-3XQutHcpu1AlaRncF5W7rw==/oat/arm64/base.odex) is kOatUpToDate with filter 'speed-profile' executable 'false'
05-03 23:49:26.452 17797 17797 W Finsky  : [2] STU: Failed to get storage stats for package 'com.google.android.wifi' (1601: Error getting stats: android.content.pm.PackageManager.NameNotFoundException)
05-03 23:49:26.471 30330 30332 I artd    : GetBestInfo: odex next to the dex file (/data/app/~~pQKIrBYUjCqbJvfvJW1EKw==/com.linkedin.android-_5j1S93ocPfc8pDoUjMQsA==/oat/arm64/base.odex) is kOatUpToDate with filter 'speed-profile' executable 'false'
05-03 23:49:26.479 30330 30332 I artd    : GetBestInfo: dm (/data/app/~~pQKIrBYUjCqbJvfvJW1EKw==/com.linkedin.android-_5j1S93ocPfc8pDoUjMQsA==/split_verificationlivenesscheck.dm) is kOatUpToDate with filter 'verify' executable 'false'
--------- beginning of system
05-03 23:49:26.517  1998  2619 D BatteryService: uevent={POWER_SUPPLY_VOLTAGE_NOW=3728466, POWER_SUPPLY_CHARGE_CONTROL_LIMIT_MAX=9, POWER_SUPPLY_TYPE=Battery, POWER_SUPPLY_HEALTH=Good, POWER_SUPPLY_TECHNOLOGY=Li-ion, POWER_SUPPLY_CHARGE_FULL_DESIGN=5096000, SEQNUM=84940, POWER_SUPPLY_CHARGE_CONTROL_LIMIT=4, POWER_SUPPLY_STATUS=Charging, POWER_SUPPLY_CURRENT_MAX=2000000, POWER_SUPPLY_CYCLE_COUNT=21, POWER_SUPPLY_CHARGE_TERM_CURRENT=-100, POWER_SUPPLY_CAPACITY=28, DEVPATH=/devices/platform/soc/1c40000.qcom,spmi/spmi-0/spmi0-02/1c40000.qcom,spmi:qcom,pm7250b@2:qcom,qpnp-smb5-mmi/power_supply/battery, POWER_SUPPLY_CHARGE_TYPE=Fast, POWER_SUPPLY_CHARGE_RATE=Turbo, POWER_SUPPLY_INPUT_CURRENT_LIMIT=0, POWER_SUPPLY_CURRENT_NOW=-318603, POWER_SUPPLY_PRESENT=1, POWER_SUPPLY_CHARGE_FULL=5096000, POWER_SUPPLY_TIME_TO_FULL_NOW=123431, POWER_SUPPLY_CONSTANT_CHARGE_CURRENT=2000000, SUBSYSTEM=power_supply, POWER_SUPPLY_TEMP=354, ACTION=change, POWER_SUPPLY_NAME=battery, POWER_SUPPLY_VOLTAGE_MAX=4520000, POWER_SUPPLY_CONSTANT_CHARGE_CURRENT_MAX=4000000, POWER_SUPPLY_CHARGE_COUNTER=1519117}
05-03 23:49:26.519  1998  2619 D BatteryService: uevent={POWER_SUPPLY_VOLTAGE_NOW=3728466, POWER_SUPPLY_CHARGE_CONTROL_LIMIT_MAX=9, POWER_SUPPLY_TYPE=Battery, POWER_SUPPLY_HEALTH=Good, POWER_SUPPLY_TECHNOLOGY=Li-ion, POWER_SUPPLY_CHARGE_FULL_DESIGN=5096000, SEQNUM=84940, POWER_SUPPLY_CHARGE_CONTROL_LIMIT=4, POWER_SUPPLY_STATUS=Charging, POWER_SUPPLY_CURRENT_MAX=2000000, POWER_SUPPLY_CYCLE_COUNT=21, POWER_SUPPLY_CHARGE_TERM_CURRENT=-100, POWER_SUPPLY_CAPACITY=28, DEVPATH=/devices/platform/soc/1c40000.qcom,spmi/spmi-0/spmi0-02/1c40000.qcom,spmi:qcom,pm7250b@2:qcom,qpnp-smb5-mmi/power_supply/battery, POWER_SUPPLY_CHARGE_TYPE=Fast, POWER_SUPPLY_CHARGE_RATE=Turbo, POWER_SUPPLY_INPUT_CURRENT_LIMIT=0, POWER_SUPPLY_CURRENT_NOW=-318603, POWER_SUPPLY_PRESENT=1, POWER_SUPPLY_CHARGE_FULL=5096000, POWER_SUPPLY_TIME_TO_FULL_NOW=123431, POWER_SUPPLY_CONSTANT_CHARGE_CURRENT=2000000, SUBSYSTEM=power_supply, POWER_SUPPLY_TEMP=354, ACTION=change, POWER_SUPPLY_NAME=battery, POWER_SUPPLY_VOLTAGE_MAX=4520000, POWER_SUPPLY_CONSTANT_CHARGE_CURRENT_MAX=4000000, POWER_SUPPLY_CHARGE_COUNTER=1519117}
05-03 23:49:26.527  3090  3090 D QtiCarrierConfigHelper: WARNING, no carrier configs on phone Id: 1
05-03 23:49:26.530 30330 30332 I artd    : GetBestInfo: odex next to the dex file (/data/app/~~r8e6b7tyWbVjtYOLuS1Apg==/com.internshala.app-FabaURcJN4LImiCNSJVEIg==/oat/arm64/base.odex) is kOatUpToDate with filter 'speed-profile' executable 'false'
05-03 23:49:26.530  2884  4711 D PowerUI : can't show warning due to - plugged: true status unknown: false
05-03 23:49:26.534  2884  4773 D PowerUI : can't show warning due to - plugged: true status unknown: false
05-03 23:49:26.536  1998  1998 V UiModeManager: updateLocked: null action, mDockState=0, category=null
05-03 23:49:26.536  1998  1998 D UiModeManager: updateConfigurationLocked: mDockState=0; mCarMode=false; mNightMode=com.android.server.UiModeManagerService$1@acdd96c; mNightModeCustomType=-1; uiMode=17
05-03 23:49:26.538  1998  2619 D BatteryService: uevent={POWER_SUPPLY_VOLTAGE_NOW=3728466, POWER_SUPPLY_CHARGE_CONTROL_LIMIT_MAX=9, POWER_SUPPLY_TYPE=Battery, POWER_SUPPLY_HEALTH=Good, POWER_SUPPLY_TECHNOLOGY=Li-ion, POWER_SUPPLY_CHARGE_FULL_DESIGN=5096000, SEQNUM=84941, POWER_SUPPLY_CHARGE_CONTROL_LIMIT=4, POWER_SUPPLY_STATUS=Charging, POWER_SUPPLY_CURRENT_MAX=2000000, POWER_SUPPLY_CYCLE_COUNT=21, POWER_SUPPLY_CHARGE_TERM_CURRENT=-100, POWER_SUPPLY_CAPACITY=28, DEVPATH=/devices/platform/soc/1c40000.qcom,spmi/spmi-0/spmi0-02/1c40000.qcom,spmi:qcom,pm7250b@2:qcom,qpnp-smb5-mmi/power_supply/battery, POWER_SUPPLY_CHARGE_TYPE=Fast, POWER_SUPPLY_INPUT_CURRENT_LIMIT=0, POWER_SUPPLY_CURRENT_NOW=-318603, POWER_SUPPLY_PRESENT=1, POWER_SUPPLY_CHARGE_FULL=5096000, POWER_SUPPLY_TIME_TO_FULL_NOW=123431, POWER_SUPPLY_CONSTANT_CHARGE_CURRENT=2000000, SUBSYSTEM=power_supply, POWER_SUPPLY_TEMP=354, ACTION=change, POWER_SUPPLY_NAME=battery, POWER_SUPPLY_VOLTAGE_MAX=4520000, POWER_SUPPLY_CONSTANT_CHARGE_CURRENT_MAX=4000000, POWER_SUPPLY_CHARGE_COUNTER=1519117}
05-03 23:49:26.538  1998  2619 D BatteryService: uevent={POWER_SUPPLY_VOLTAGE_NOW=3728466, POWER_SUPPLY_CHARGE_CONTROL_LIMIT_MAX=9, POWER_SUPPLY_TYPE=Battery, POWER_SUPPLY_HEALTH=Good, POWER_SUPPLY_TECHNOLOGY=Li-ion, POWER_SUPPLY_CHARGE_FULL_DESIGN=5096000, SEQNUM=84941, POWER_SUPPLY_CHARGE_CONTROL_LIMIT=4, POWER_SUPPLY_STATUS=Charging, POWER_SUPPLY_CURRENT_MAX=2000000, POWER_SUPPLY_CYCLE_COUNT=21, POWER_SUPPLY_CHARGE_TERM_CURRENT=-100, POWER_SUPPLY_CAPACITY=28, DEVPATH=/devices/platform/soc/1c40000.qcom,spmi/spmi-0/spmi0-02/1c40000.qcom,spmi:qcom,pm7250b@2:qcom,qpnp-smb5-mmi/power_supply/battery, POWER_SUPPLY_CHARGE_TYPE=Fast, POWER_SUPPLY_INPUT_CURRENT_LIMIT=0, POWER_SUPPLY_CURRENT_NOW=-318603, POWER_SUPPLY_PRESENT=1, POWER_SUPPLY_CHARGE_FULL=5096000, POWER_SUPPLY_TIME_TO_FULL_NOW=123431, POWER_SUPPLY_CONSTANT_CHARGE_CURRENT=2000000, SUBSYSTEM=power_supply, POWER_SUPPLY_TEMP=354, ACTION=change, POWER_SUPPLY_NAME=battery, POWER_SUPPLY_VOLTAGE_MAX=4520000, POWER_SUPPLY_CONSTANT_CHARGE_CURRENT_MAX=4000000, POWER_SUPPLY_CHARGE_COUNTER=1519117}
05-03 23:49:26.541  3090  3090 D QtiCarrierConfigHelper: WARNING, no carrier configs on phone Id: 1
05-03 23:49:26.549  2884  4122 D PowerUI : can't show warning due to - plugged: true status unknown: false
05-03 23:49:26.554  3090  3090 D QtiCarrierConfigHelper: WARNING, no carrier configs on phone Id: 1
05-03 23:49:26.558  2884  4753 D PowerUI : can't show warning due to - plugged: true status unknown: false
05-03 23:49:26.563  3090  3090 D QtiCarrierConfigHelper: WARNING, no carrier configs on phone Id: 1
05-03 23:49:26.568  1998  1998 V UiModeManager: updateLocked: null action, mDockState=0, category=null
05-03 23:49:26.568  1998  1998 D UiModeManager: updateConfigurationLocked: mDockState=0; mCarMode=false; mNightMode=com.android.server.UiModeManagerService$1@acdd96c; mNightModeCustomType=-1; uiMode=17
05-03 23:49:26.568  2884  3385 D PowerUI : can't show warning due to - plugged: true status unknown: false
05-03 23:49:26.569  1998  1998 V UiModeManager: updateLocked: null action, mDockState=0, category=null
05-03 23:49:26.569  1998  1998 D UiModeManager: updateConfigurationLocked: mDockState=0; mCarMode=false; mNightMode=com.android.server.UiModeManagerService$1@acdd96c; mNightModeCustomType=-1; uiMode=17
05-03 23:49:26.569  1998  1998 V UiModeManager: updateLocked: null action, mDockState=0, category=null
05-03 23:49:26.570  1998  1998 D UiModeManager: updateConfigurationLocked: mDockState=0; mCarMode=false; mNightMode=com.android.server.UiModeManagerService$1@acdd96c; mNightModeCustomType=-1; uiMode=17
05-03 23:49:26.572  1998  8503 W PackageManager: Missing required system package: com.instagram.android, but found with extended search.
05-03 23:49:26.573 30330 32195 I artd    : GetBestInfo: odex next to the dex file (/data/app/~~-HUNIYCUcwYTBIkcmRH7aQ==/com.utorrent.client-_Q1Th_F-5wEybYQXYF6Z9Q==/oat/arm64/base.odex) is kOatUpToDate with filter 'speed-profile' executable 'false'
05-03 23:49:26.576  3090  3090 D QtiCarrierConfigHelper: WARNING, no carrier configs on phone Id: 1
05-03 23:49:26.577  1998  1998 V UiModeManager: updateLocked: null action, mDockState=0, category=null
05-03 23:49:26.578  1998  1998 D UiModeManager: updateConfigurationLocked: mDockState=0; mCarMode=false; mNightMode=com.android.server.UiModeManagerService$1@acdd96c; mNightModeCustomType=-1; uiMode=17
05-03 23:49:26.598 30330 30332 I artd    : GetBestInfo: odex next to the dex file (/data/app/~~lZ4Gq3EZqnJ29atQ8UvMPg==/in.startv.hotstar-2NuOrKnZFeb9w8uYRGFq7Q==/oat/arm64/base.odex) is kOatUpToDate with filter 'speed-profile' executable 'false'
05-03 23:49:26.651 30330 30332 I artd    : GetBestInfo: odex next to the dex file (/data/app/~~H01Rr2dH1VLhYanIuIdiJw==/com.facebook.stella-K2YoNomm9-r66LLC_YnB7Q==/oat/arm64/base.odex) is kOatUpToDate with filter 'speed-profile' executable 'false'
05-03 23:49:27.071  1293 10545 I vendor.qti.bluetooth@1.0-ibs_handler: ProcessIbsCmd: Received IBS_WAKE_IND: 0xFD
05-03 23:49:27.071  1293 10545 D vendor.qti.bluetooth@1.0-ibs_handler: SerialClockVote: vote for UART CLK ON
05-03 23:49:27.073  1293 10545 D vendor.qti.bluetooth@1.0-wake_lock: Acquire wakelock is acquired 
05-03 23:49:27.073  1293 10545 I vendor.qti.bluetooth@1.0-ibs_handler: ProcessIbsCmd: Writing IBS_WAKE_ACK
05-03 23:49:27.082  3282  5856 I NearbyDiscovery: (REDACTED) BloomFilterAdvManager: Detected bloom filter but too far away, ignoring. %sm, %s
05-03 23:49:27.099  5475  5912 D AdaptWidgetUtil: width--->311
05-03 23:49:27.099  5475  5912 D AdaptWidgetUtil: isSmallWidget: 463,640,minWidth=542.1938
05-03 23:49:27.102  5475  5912 D AdaptWidgetUtil: width--->311
05-03 23:49:27.114  1293 10545 I vendor.qti.bluetooth@1.0-ibs_handler: ProcessIbsCmd: Received IBS_SLEEP_IND: 0xFE
05-03 23:49:27.114  1293 10545 D vendor.qti.bluetooth@1.0-ibs_handler: SerialClockVote: vote for UART CLK OFF
05-03 23:49:27.134  1998  2799 D AppWidgetServiceImpl: Trying to notify widget update for package com.motorola.timeweatherwidget with widget id: 2
05-03 23:49:27.264  1293 10388 D vendor.qti.bluetooth@1.0-wake_lock: Release wakelock is released 
05-03 23:49:27.319  1293 10545 I vendor.qti.bluetooth@1.0-ibs_handler: ProcessIbsCmd: Received IBS_WAKE_IND: 0xFD
05-03 23:49:27.319  1293 10545 D vendor.qti.bluetooth@1.0-ibs_handler: SerialClockVote: vote for UART CLK ON
05-03 23:49:27.320  1293 10545 D vendor.qti.bluetooth@1.0-wake_lock: Acquire wakelock is acquired 
05-03 23:49:27.320  1293 10545 I vendor.qti.bluetooth@1.0-ibs_handler: ProcessIbsCmd: Writing IBS_WAKE_ACK
05-03 23:49:27.327  3282  5856 I NearbyDiscovery: (REDACTED) BloomFilterAdvManager: Detected bloom filter but too far away, ignoring. %sm, %s
05-03 23:49:27.341 30330 32195 I artd    : GetBestInfo: odex next to the dex file (/data/app/~~SGleA8KAJD9ze908Hg0Ahg==/com.google.android.apps.classroom-MBnHStSvF-XEKLR5L_t3-g==/oat/arm64/base.odex) is kOatUpToDate with filter 'speed-profile' executable 'false'
05-03 23:49:27.353 17797 17797 W Finsky  : [2] STU: Failed to get storage stats for package 'com.google.android.media.swcodec' (1601: Error getting stats: android.content.pm.PackageManager.NameNotFoundException)
05-03 23:49:27.361  1293 10545 I vendor.qti.bluetooth@1.0-ibs_handler: ProcessIbsCmd: Received IBS_SLEEP_IND: 0xFE
05-03 23:49:27.361  1293 10545 D vendor.qti.bluetooth@1.0-ibs_handler: SerialClockVote: vote for UART CLK OFF
05-03 23:49:27.383 30330 32195 I artd    : GetBestInfo: odex next to the dex file (/data/app/~~xYIjJRtC7MiwfI09gjedXA==/com.google.android.projection.gearhead-Y8TrFetmLKhWWEftyXBgGQ==/oat/arm64/base.odex) is kOatUpToDate with filter 'speed-profile' executable 'false'
05-03 23:49:27.389 30330 30332 I artd    : GetBestInfo: vdex next to the dex file (/data/user/0/com.google.android.projection.gearhead/app_impl/oat/arm64/sdk_impl.vdex) is kOatUpToDate with filter 'verify' executable 'false'
05-03 23:49:27.405 17797 17797 W Finsky  : [2] STU: Failed to get storage stats for package 'com.android.profiling' (1601: Error getting stats: android.content.pm.PackageManager.NameNotFoundException)
05-03 23:49:27.417 30330 32195 I artd    : GetBestInfo: odex next to the dex file (/data/app/~~sPjVlrZ8YqJ1JAZweEtJtA==/com.Dominos-lzkx3bRhy8tCb0m5X-XgDQ==/oat/arm64/base.odex) is kOatUpToDate with filter 'speed-profile' executable 'false'
05-03 23:49:27.446 30330 30332 I artd    : GetBestInfo: odex next to the dex file (/data/app/~~bPZ8tXNyFbdJiJ70exdTNA==/com.crunchyroll.crunchyroid-D7fe9IsJCnXrANHHCdGZRw==/oat/arm64/base.odex) is kOatUpToDate with filter 'speed-profile' executable 'false'
05-03 23:49:27.464 30330 32195 I artd    : GetBestInfo: odex next to the dex file (/data/app/~~C5OAwaBqdPCHP1XBfbRIPw==/com.google.android.apps.fitness-Rzy-42ZWOxMzxO_AYFsSxQ==/oat/arm64/base.odex) is kOatUpToDate with filter 'speed-profile' executable 'false'
05-03 23:49:27.483 30330 32195 I artd    : GetBestInfo: odex next to the dex file (/data/app/~~h5l9_bjMHZ99wkj7ebj89w==/com.jio.jioplay.tv-kVr7dphlcgeG8sH5J61DdA==/oat/arm64/base.odex) is kOatUpToDate with filter 'speed-profile' executable 'false'
05-03 23:49:27.497 30330 30332 I artd    : GetBestInfo: odex next to the dex file (/data/user/0/com.jio.jioplay.tv/app_pccache/5/591C52BA23C4E0E4C6EB8A94DE92F532A215A628/oat/arm64/pcam.odex) is kOatUpToDate with filter 'verify' executable 'false'
05-03 23:49:27.511  1293 10388 D vendor.qti.bluetooth@1.0-wake_lock: Release wakelock is released 
05-03 23:49:27.528 30330 32195 I artd    : GetBestInfo: odex next to the dex file (/data/app/~~ITU4LlV7VPIh10MKTaR6iQ==/com.bitla.mba.charteredbus-ifF1PGOk1J41EVCD-B02gg==/oat/arm64/base.odex) is kOatUpToDate with filter 'speed-profile' executable 'false'
05-03 23:49:27.542  1293 10545 I vendor.qti.bluetooth@1.0-ibs_handler: ProcessIbsCmd: Received IBS_WAKE_IND: 0xFD
05-03 23:49:27.542  1293 10545 D vendor.qti.bluetooth@1.0-ibs_handler: SerialClockVote: vote for UART CLK ON
05-03 23:49:27.542  1293 10545 D vendor.qti.bluetooth@1.0-wake_lock: Acquire wakelock is acquired 
05-03 23:49:27.542  1293 10545 I vendor.qti.bluetooth@1.0-ibs_handler: ProcessIbsCmd: Writing IBS_WAKE_ACK
05-03 23:49:27.548  3282  5856 I NearbyDiscovery: (REDACTED) BloomFilterAdvManager: Detected bloom filter but too far away, ignoring. %sm, %s
05-03 23:49:27.548 30330 32195 I artd    : GetBestInfo: odex next to the dex file (/data/app/~~vK2OUHyHuqMWRHaiQ1e22Q==/com.google.ambient.streaming-0U2hTQdngjf1RzQuLZ_P-g==/oat/arm64/base.odex) is kOatUpToDate with filter 'speed-profile' executable 'false'
05-03 23:49:27.583  1293 10545 I vendor.qti.bluetooth@1.0-ibs_handler: ProcessIbsCmd: Received IBS_SLEEP_IND: 0xFE
05-03 23:49:27.583  1293 10545 D vendor.qti.bluetooth@1.0-ibs_handler: SerialClockVote: vote for UART CLK OFF
05-03 23:49:27.587  1998  5814 W PackageManager: Missing required system package: com.instagram.android, but found with extended search.
05-03 23:49:27.588 30330 32195 I artd    : GetBestInfo: odex next to the dex file (/data/app/~~7u6xdmyN-AYcWHn36Zf3aQ==/com.motorola.audiorecorder-zl8Bar1dGocebuJbouAigQ==/oat/arm64/base.odex) is kOatUpToDate with filter 'speed-profile' executable 'false'
05-03 23:49:27.629 30330 30332 I artd    : GetBestInfo: odex next to the dex file (/data/app/~~BRRTmZp3hCWofmd7yGYd5w==/com.motorola.moto-j6EOWOrCSGrnstBUZOhFTQ==/oat/arm64/base.odex) is kOatUpToDate with filter 'speed-profile' executable 'false'
05-03 23:49:27.673 30330 32195 I artd    : GetBestInfo: odex next to the dex file (/data/app/~~hjSR_hvnp50CGFP4Vk6EYw==/host.exp.exponent-wm_ZtfAvUmfugUirNUeuUw==/oat/arm64/base.odex) is kOatUpToDate with filter 'speed-profile' executable 'false'
05-03 23:49:27.698 30330 30332 I artd    : GetBestInfo: odex next to the dex file (/data/app/~~8zmZrYZxGd1ho3iJxy3gZg==/com.twitter.android-EaHfxztqL6waoRHqRn6tkg==/oat/arm64/base.odex) is kOatUpToDate with filter 'speed-profile' executable 'false'
05-03 23:49:27.706 30330 32195 I artd    : GetBestInfo: odex next to the dex file (/data/user/0/com.twitter.android/app_pccache/5/591C52BA23C4E0E4C6EB8A94DE92F532A215A628/oat/arm64/pcam.odex) is kOatUpToDate with filter 'verify' executable 'false'
05-03 23:49:27.713 30330 30332 E artd    : Unable to resolve path '/data/app/~~p4WGW7a8_MkxPOPNxe--2Q==/com.twitter.android-ts2SINKEn6cR6HKrN70hvA==/base.apk': No such file or directory
05-03 23:49:27.714 30330 30332 W artd    : ClassLoaderContext classpath element mismatch. expected=/data/app/~~p4WGW7a8_MkxPOPNxe--2Q==/com.twitter.android-ts2SINKEn6cR6HKrN70hvA==/base.apk, found=/data/app/~~8zmZrYZxGd1ho3iJxy3gZg==/com.twitter.android-EaHfxztqL6waoRHqRn6tkg==/base.apk (PCL[];PCL[/data/app/~~p4WGW7a8_MkxPOPNxe--2Q==/com.twitter.android-ts2SINKEn6cR6HKrN70hvA==/base.apk*1430851343]{PCL[/system/framework/org.apache.http.legacy.jar*437079508]#PCL[/system_ext/framework/androidx.window.extensions.jar*1157725359]#PCL[/system_ext/framework/androidx.window.sidecar.jar*3501034208]} | PCL[];PCL[/data/app/~~8zmZrYZxGd1ho3iJxy3gZg==/com.twitter.android-EaHfxztqL6waoRHqRn6tkg==/base.apk*2069779275]{PCL[/system/framework/org.apache.http.legacy.jar*437079508]#PCL[/system_ext/framework/androidx.window.extensions.jar*1157725359]#PCL[/system_ext/framework/androidx.window.sidecar.jar*3501034208]})
05-03 23:49:27.714 30330 30332 I artd    : GetBestInfo: odex next to the dex file (/data/user/0/com.twitter.android/app_pccache/5/F2FF627D940052495BF0C0AF15E5A0B2723F5469/oat/arm64/pcam.odex) is kOatContextOutOfDate with filter 'verify' executable 'false': ClassLoaderContext check failed. Context was PCL[];PCL[/data/app/~~p4WGW7a8_MkxPOPNxe--2Q==/com.twitter.android-ts2SINKEn6cR6HKrN70hvA==/base.apk*1430851343]{PCL[/system/framework/org.apache.http.legacy.jar*437079508]#PCL[/system_ext/framework/androidx.window.extensions.jar*1157725359]#PCL[/system_ext/framework/androidx.window.sidecar.jar*3501034208]}. The expected context is PCL[];PCL[/data/app/~~8zmZrYZxGd1ho3iJxy3gZg==/com.twitter.android-EaHfxztqL6waoRHqRn6tkg==/base.apk*2069779275]{PCL[/system/framework/org.apache.http.legacy.jar*437079508]#PCL[/system_ext/framework/androidx.window.extensions.jar*1157725359]#PCL[/system_ext/framework/androidx.window.sidecar.jar*3501034208]}
05-03 23:49:27.714 30330 30332 I artd    : GetBestInfo: vdex next to the dex file (/data/user/0/com.twitter.android/app_pccache/5/F2FF627D940052495BF0C0AF15E5A0B2723F5469/oat/arm64/pcam.vdex) is kOatUpToDate with filter 'verify' executable 'false'
05-03 23:49:27.724 17797 17797 W Finsky  : [2] STU: Failed to get storage stats for package 'com.google.android.adbd' (1601: Error getting stats: android.content.pm.PackageManager.NameNotFoundException)
05-03 23:49:27.728 30330 30333 I artd    : GetBestInfo: odex next to the dex file (/data/app/~~0r5c5ra2SYimws3m9QITiQ==/com.google.android.deskclock-Dj0GkHGWic-vJnERG4Ck8Q==/oat/arm64/base.odex) is kOatUpToDate with filter 'speed-profile' executable 'false'
05-03 23:49:27.734  1293 10388 D vendor.qti.bluetooth@1.0-wake_lock: Release wakelock is released 
05-03 23:49:27.741 30330 30333 I artd    : GetBestInfo: odex next to the dex file (/data/app/~~w6WeHxTaAel6fFoW9MEOkg==/com.digilocker.android-_OGTUijR__OrZgbUVgEHSg==/oat/arm64/base.odex) is kOatUpToDate with filter 'speed-profile' executable 'false'
05-03 23:49:27.761 17797 17797 W Finsky  : [2] STU: Failed to get storage stats for package 'com.android.i18n' (1601: Error getting stats: android.content.pm.PackageManager.NameNotFoundException)
05-03 23:49:27.766 30330 30332 I artd    : GetBestInfo: odex next to the dex file (/data/app/~~KI8PWWTGufffhXSWBolsXw==/com.google.android.apps.safetyhub-NTUafEU4Kfra5JuXx4tQpw==/oat/arm64/base.odex) is kOatUpToDate with filter 'speed-profile' executable 'false'
05-03 23:49:27.780 17797 17797 W Finsky  : [2] STU: Failed to get storage stats for package 'com.google.android.conscrypt' (1601: Error getting stats: android.content.pm.PackageManager.NameNotFoundException)
05-03 23:49:27.788 30330 30332 I artd    : GetBestInfo: odex next to the dex file (/data/app/~~TgTGjh0DhxAPaHE0FMT-AQ==/com.google.android.apps.tachyon-P336OHkGFdriyHJ-cjFRrw==/oat/arm64/base.odex) is kOatUpToDate with filter 'speed-profile' executable 'false'
05-03 23:49:27.803 30330 30333 I artd    : GetBestInfo: odex next to the dex file (/data/app/~~Jay6KSSEG-iQbEoNHuJTZg==/com.jpl.jiomart-UBlmCPyYSiCkvtl_obb51w==/oat/arm64/base.odex) is kOatUpToDate with filter 'speed-profile' executable 'false'
05-03 23:49:27.829 30330 30333 I artd    : GetBestInfo: odex next to the dex file (/data/app/~~5OetJHSCapQ8Fda328FEhg==/com.shazam.android-dDrhNdS4u9RdVu6Dq2yFxA==/oat/arm64/base.odex) is kOatUpToDate with filter 'speed-profile' executable 'false'
05-03 23:49:27.843 30330 30333 I artd    : GetBestInfo: odex next to the dex file (/data/app/~~NulshcusyFguv-_ddqg-cQ==/org.mozilla.firefox-8TpWtUW5Ot1JQu1JfBe_kg==/oat/arm64/base.odex) is kOatUpToDate with filter 'speed-profile' executable 'false'
05-03 23:49:27.863 30330 30332 I artd    : GetBestInfo: odex next to the dex file (/data/app/~~Zg5ZclQYgVdWJs7O2-ZTvQ==/com.motorola.aiservices-foUlWSkZhrd48NJ6_laTnw==/oat/arm64/base.odex) is kOatUpToDate with filter 'speed-profile' executable 'false'
05-03 23:49:27.866 30330 30332 I artd    : GetBestInfo: dm (/data/app/~~Zg5ZclQYgVdWJs7O2-ZTvQ==/com.motorola.aiservices-foUlWSkZhrd48NJ6_laTnw==/split_adaptivebrightness.dm) is kOatUpToDate with filter 'verify' executable 'false'
05-03 23:49:27.870 30330 30333 I artd    : GetBestInfo: dm (/data/app/~~Zg5ZclQYgVdWJs7O2-ZTvQ==/com.motorola.aiservices-foUlWSkZhrd48NJ6_laTnw==/split_adaptiveicons.dm) is kOatUpToDate with filter 'verify' executable 'false'
05-03 23:49:27.874 30330 30333 I artd    : GetBestInfo: odex next to the dex file (/data/app/~~Zg5ZclQYgVdWJs7O2-ZTvQ==/com.motorola.aiservices-foUlWSkZhrd48NJ6_laTnw==/oat/arm64/split_appusage.odex) is kOatUpToDate with filter 'speed-profile' executable 'false'
05-03 23:49:27.879 30330 30332 I artd    : GetBestInfo: odex next to the dex file (/data/app/~~Zg5ZclQYgVdWJs7O2-ZTvQ==/com.motorola.aiservices-foUlWSkZhrd48NJ6_laTnw==/oat/arm64/split_contentobfuscation.odex) is kOatUpToDate with filter 'speed-profile' executable 'false'
05-03 23:49:27.883 30330 30333 I artd    : GetBestInfo: dm (/data/app/~~Zg5ZclQYgVdWJs7O2-ZTvQ==/com.motorola.aiservices-foUlWSkZhrd48NJ6_laTnw==/split_keyextraction.dm) is kOatUpToDate with filter 'verify' executable 'false'
05-03 23:49:27.888 30330 30332 I artd    : GetBestInfo: dm (/data/app/~~Zg5ZclQYgVdWJs7O2-ZTvQ==/com.motorola.aiservices-foUlWSkZhrd48NJ6_laTnw==/split_languageidentifier.dm) is kOatUpToDate with filter 'verify' executable 'false'
05-03 23:49:27.893 30330 30332 I artd    : GetBestInfo: dm (/data/app/~~Zg5ZclQYgVdWJs7O2-ZTvQ==/com.motorola.aiservices-foUlWSkZhrd48NJ6_laTnw==/split_onnx.dm) is kOatUpToDate with filter 'verify' executable 'false'
05-03 23:49:27.899 30330 30332 I artd    : GetBestInfo: odex next to the dex file (/data/app/~~Zg5ZclQYgVdWJs7O2-ZTvQ==/com.motorola.aiservices-foUlWSkZhrd48NJ6_laTnw==/oat/arm64/split_optimizedcharging.odex) is kOatUpToDate with filter 'speed-profile' executable 'false'
05-03 23:49:27.904 30330 30333 I artd    : GetBestInfo: dm (/data/app/~~Zg5ZclQYgVdWJs7O2-ZTvQ==/com.motorola.aiservices-foUlWSkZhrd48NJ6_laTnw==/split_phishing.dm) is kOatUpToDate with filter 'verify' executable 'false'
05-03 23:49:27.927  4077  4077 D AndroidRuntime: >>>>>> START com.android.internal.os.RuntimeInit uid 2000 <<<<<<
05-03 23:49:27.932  4077  4077 I AndroidRuntime: Using default boot image
05-03 23:49:27.932  4077  4077 I AndroidRuntime: Leaving lock profiling enabled
05-03 23:49:27.936  4077  4077 I app_process: Using CollectorTypeCC GC.
05-03 23:49:27.988  2884  3939 D PowerUI : can't show warning due to - plugged: true status unknown: false
05-03 23:49:27.990  1998  1998 V UiModeManager: updateLocked: null action, mDockState=0, category=null
05-03 23:49:27.991  1998  1998 D UiModeManager: updateConfigurationLocked: mDockState=0; mCarMode=false; mNightMode=com.android.server.UiModeManagerService$1@acdd96c; mNightModeCustomType=-1; uiMode=17
05-03 23:49:27.991  3090  3090 D QtiCarrierConfigHelper: WARNING, no carrier configs on phone Id: 1
05-03 23:49:28.011  4077  4077 D nativeloader: InitDefaultPublicLibraries for_preload=1: libandroid.so:libaaudio.so:libamidi.so:libbinder_ndk.so:libc.so:libcamera2ndk.so:libdl.so:libEGL.so:libGLESv1_CM.so:libGLESv2.so:libGLESv3.so:libicu.so:libicui18n.so:libicuuc.so:libjnigraphics.so:liblog.so:libmediandk.so:libm.so:libnativehelper.so:libnativewindow.so:libOpenMAXAL.so:libOpenSLES.so:libRS.so:libstdc++.so:libsync.so:libvulkan.so:libwebviewchromium_plat_support.so:libz.so
05-03 23:49:28.023 30330 30332 I artd    : GetBestInfo: odex next to the dex file (/data/app/~~JfKGS-ekrSyGRj3DLQuZZw==/org.telegram.messenger-8qKwsCP1Drhk5vhBEVgZWw==/oat/arm64/base.odex) is kOatUpToDate with filter 'speed-profile' executable 'false'
05-03 23:49:28.026  4077  4077 D nativeloader: Load libicu_jni.so using APEX ns com_android_art for caller /apex/com.android.art/javalib/core-oj.jar: ok
05-03 23:49:28.026  4077  4077 D app_process: u_setTimeZoneFilesDirectory("/apex/com.android.tzdata/etc/tz/versioned/8/icu") succeeded. 
05-03 23:49:28.027  4077  4077 D app_process: I18n APEX ICU file found: /apex/com.android.i18n/etc/icu/icudt75l.dat
05-03 23:49:28.027 17797 17797 W Finsky  : [2] STU: Failed to get storage stats for package 'com.google.android.neuralnetworks' (1601: Error getting stats: android.content.pm.PackageManager.NameNotFoundException)
05-03 23:49:28.028  4077  4077 D nativeloader: Load libjavacore.so using APEX ns com_android_art for caller /apex/com.android.art/javalib/core-oj.jar: ok
05-03 23:49:28.029  4077  4077 D nativeloader: Load libopenjdk.so using APEX ns com_android_art for caller /apex/com.android.art/javalib/core-oj.jar: ok
05-03 23:49:28.030  4077  4077 I app_process: Priority-to-niceness mapping: 19, 16, 13, 10, 0, -2, -4, -5, -6, -8
05-03 23:49:28.038 17797 17797 W Finsky  : [2] STU: Failed to get storage stats for package 'com.google.android.ipsec' (1601: Error getting stats: android.content.pm.PackageManager.NameNotFoundException)
05-03 23:49:28.045 30330 30333 I artd    : GetBestInfo: odex next to the dex file (/data/app/~~ln1fskUDRcp4zqo36wxWCA==/in.swiggy.android-DewZgg2TuMWZmsyTEXrcmg==/oat/arm64/base.odex) is kOatUpToDate with filter 'speed-profile' executable 'false'
05-03 23:49:28.050 30330 30333 I artd    : GetBestInfo: odex next to the dex file (/data/app/~~fFQ0FVTcBCtj89iKRS-DaQ==/com.motorola.help-mU-8OxOYXoOjp5o40we51g==/oat/arm64/base.odex) is kOatUpToDate with filter 'speed-profile' executable 'false'
05-03 23:49:28.054 30330 30333 I artd    : GetBestInfo: odex next to the dex file (/data/app/~~DD_Uo18jFDv1OYlZiW37Vg==/com.google.android.as.oss-6ECLuybbr8YGMKozCPXbjg==/oat/arm64/base.odex) is kOatUpToDate with filter 'speed-profile' executable 'false'
05-03 23:49:28.061 17797 17797 W Finsky  : [2] STU: Failed to get storage stats for package 'com.google.android.ondevicepersonalization' (1601: Error getting stats: android.content.pm.PackageManager.NameNotFoundException)
05-03 23:49:28.061  4077  4077 D nativeloader: Load libframework-connectivity-tiramisu-jni.so using APEX ns com_android_tethering for caller /apex/com.android.tethering/javalib/framework-connectivity-t.jar: ok
05-03 23:49:28.061  4077  4077 D AndroidRuntime: Calling main entry com.android.commands.monkey.Monkey
05-03 23:49:28.061 30330 30333 I artd    : GetBestInfo: /data/app/~~Ps1thgb95Bo4SQHxWP7EoQ==/com.safar.app-Q4gXOAU74_6MI3GQhuTm1Q==/base.apk has no usable artifacts
05-03 23:49:28.062  4077  4077 W Monkey  : args: [-p, com.safar.app.qa, 1]
05-03 23:49:28.062  4077  4077 W Monkey  :  arg: "-p"
05-03 23:49:28.062  4077  4077 W Monkey  :  arg: "com.safar.app.qa"
05-03 23:49:28.062  4077  4077 W Monkey  :  arg: "1"
05-03 23:49:28.063  4077  4077 W Monkey  : data="com.safar.app.qa"
05-03 23:49:28.070 17797 17797 W Finsky  : [2] STU: Failed to get storage stats for package 'com.google.android.healthfitness' (1601: Error getting stats: android.content.pm.PackageManager.NameNotFoundException)
05-03 23:49:28.077 30330 30332 I artd    : GetBestInfo: odex next to the dex file (/data/app/~~lC8smPd8rrT29maeTPmCNA==/com.facebook.appmanager-MIn0jG2og_6tY4yA86Xr7w==/oat/arm64/base.odex) is kOatUpToDate with filter 'speed-profile' executable 'false'
05-03 23:49:28.084  1998  8503 D ActivityTaskManager: setActivityController: android.app.IActivityController$Stub$Proxy@86fe342,imAMonkey=true
05-03 23:49:28.085  1998  8503 W ActivityManager: registerReceiverWithFeature: no app for null
05-03 23:49:28.089  1998  5494 W PackageManager: Missing required system package: org.videolan.vlc, but found with extended search.
05-03 23:49:28.089  1998  5494 W PackageManager: Missing required system package: org.telegram.messenger, but found with extended search.
05-03 23:49:28.089  1998  5494 W PackageManager: Missing required system package: org.mozilla.firefox, but found with extended search.
05-03 23:49:28.089  1998  5494 W PackageManager: Missing required system package: org.digiyatra.org, but found with extended search.
05-03 23:49:28.089  1998  5494 W PackageManager: Missing required system package: org.chromium.webapk.a984c61f6b3b3b974_v2, but found with extended search.
05-03 23:49:28.089  1998  5494 W PackageManager: Missing required system package: net.one97.paytm, but found with extended search.
05-03 23:49:28.089  1998  5494 W PackageManager: Missing required system package: naukriApp.appModules.login, but found with extended search.
05-03 23:49:28.089  1998  5494 W PackageManager: Missing required system package: in.swiggy.android.instamart, but found with extended search.
05-03 23:49:28.089  1998  5494 W PackageManager: Missing required system package: in.swiggy.android, but found with extended search.
05-03 23:49:28.089  1998  5494 W PackageManager: Missing required system package: in.startv.hotstar, but found with extended search.
05-03 23:49:28.089  1998  5494 W PackageManager: Missing required system package: in.org.npci.upiapp, but found with extended search.
05-03 23:49:28.089  1998  5494 W PackageManager: Missing required system package: in.burgerking.android, but found with extended search.
05-03 23:49:28.089  1998  5494 W PackageManager: Missing required system package: in.amazon.mShop.android.shopping, but found with extended search.
05-03 23:49:28.089  1998  5494 W PackageManager: Missing required system package: in.amazon.mShop.android.shopping, but found with extended search.
05-03 23:49:28.089  1998  5494 W PackageManager: Missing required system package: cris.org.in.prs.ima, but found with extended search.
05-03 23:49:28.090  1998  5494 W PackageManager: Missing required system package: com.zeptoconsumerapp, but found with extended search.
05-03 23:49:28.090  1998  5494 W PackageManager: Missing required system package: com.xlsxviewerapp.xlsxreader.xlsxeditor.editexel.exel.xlsx.xls.spreadsheeteditor, but found with extended search.
05-03 23:49:28.090  1998  5494 W PackageManager: Missing required system package: com.whatsapp, but found with extended search.
05-03 23:49:28.090  1998  5494 W PackageManager: Missing required system package: com.valvesoftware.android.steam.community, but found with extended search.
05-03 23:49:28.090  1998  5494 W PackageManager: Missing required system package: com.utorrent.client, but found with extended search.
05-03 23:49:28.090  1998  5494 W PackageManager: Missing required system package: com.upwork.android.apps.main, but found with extended search.
05-03 23:49:28.090  1998  5494 W PackageManager: Missing required system package: com.twitter.android, but found with extended search.
05-03 23:49:28.090  1998  5494 W PackageManager: Missing required system package: com.supercell.clashroyale, but found with extended search.
05-03 23:49:28.090  1998  5494 W PackageManager: Missing required system package: com.sonyliv, but found with extended search.
05-03 23:49:28.090  1998  5494 W PackageManager: Missing required system package: com.snapmint.customerapp, but found with extended search.
05-03 23:49:28.090  1998  5494 W PackageManager: Missing required system package: com.safar.app.qa, but found with extended search.
05-03 23:49:28.090  1998  5494 W PackageManager: Missing required system package: com.safar.app, but found with extended search.
05-03 23:49:28.090  1998  5494 W PackageManager: Missing required system package: com.reddit.frontpage, but found with extended search.
05-03 23:49:28.090  1998  5494 W PackageManager: Missing required system package: com.pl.premierleague, but found with extended search.
05-03 23:49:28.090  1998  5494 W PackageManager: Missing required system package: com.phonepe.app, but found with extended search.
05-03 23:49:28.091  1998  5494 W PackageManager: Missing required system package: com.openai.chatgpt, but found with extended search.
05-03 23:49:28.091  1998  5494 W PackageManager: Missing required system package: com.myntra.android, but found with extended search.
05-03 23:49:28.091  1998  5494 W PackageManager: Missing required system package: com.microsoft.teams, but found with extended search.
05-03 23:49:28.091  1998  5494 W PackageManager: Missing required system package: com.microsoft.appmanager, but found with extended search.
05-03 23:49:28.091  1998  5494 W PackageManager: Missing required system package: com.linkedin.android, but found with extended search.
05-03 23:49:28.091  1998  5494 W PackageManager: Missing required system package: com.jpl.jiomart, but found with extended search.
05-03 23:49:28.091  1998  5494 W PackageManager: Missing required system package: com.irctc.fot, but found with extended search.
05-03 23:49:28.091  1998  5494 W PackageManager: Missing required system package: com.internshala.app, but found with extended search.
05-03 23:49:28.091  1998  5494 W PackageManager: Missing required system package: com.instagram.barcelona, but found with extended search.
05-03 23:49:28.091  1998  5494 W PackageManager: Missing required system package: com.instagram.android, but found with extended search.
05-03 23:49:28.091  1998  5494 W PackageManager: Missing required system package: com.indeed.android.jobsearch, but found with extended search.
