05-03 23:49:28.596 30330 30332 I artd    : GetBestInfo: odex next to the dex file (/data/app/~~eh63KmDgBL41vwJjWF2xHw==/com.google.android.gm-exGVIVbCYTTxbE-5x0r31A==/oat/arm64/base.odex) is kOatUpToDate with filter 'speed-profile' executable 'false'
05-03 23:49:28.597  1998  3297 W PackageManager: Missing required system package: com.instagram.android, but found with extended search.
05-03 23:49:28.605 30330 30332 I artd    : GetBestInfo: odex next to the dex file (/data/app/~~gL8HzvjxT4-H8wK736A_Hg==/com.google.android.inputmethod.latin-ZbsXjXIjM8b3DZkQovwnbA==/oat/arm64/base.odex) is kOatUpToDate with filter 'speed-profile' executable 'false'
05-03 23:49:28.615 30330 30333 I artd    : GetBestInfo: odex next to the dex file (/data/app/~~Bk7S66zvqhZTXtLOSUWfJA==/com.google.android.calendar-mFOSCOdVCxTAy-iCAyg4rQ==/oat/arm64/base.odex) is kOatUpToDate with filter 'speed-profile' executable 'false'
05-03 23:49:28.632 17797 17797 I Finsky  : [2] App states replicator found 44 unowned apps
05-03 23:49:28.657 17797 17856 I Finsky  : [93] Completed 0 account content syncs with 0 successful.
05-03 23:49:28.658 17797 17797 I Finsky  : [2] [ContentSync] Installation state replication succeeded.
05-03 23:49:28.658 17797 17797 I Finsky  : [2] SCH: jobFinished: 12-1. TimeElapsed: 5658ms.
05-03 23:49:28.658 17797 17797 I Finsky  : [2] WM::SCH: Logging work end for 12-1
05-03 23:49:28.671 17797 17854 I Finsky  : [91] SCH: Scheduling phonesky job Id: 1-1337, CT: 1777802987269, Constraints: [{ L: 43190649, D: 86390649, C: CHARGING_NONE, I: IDLE_NONE, N: NET_ANY, B: BATTERY_ANY }]
05-03 23:49:28.671 17797 17854 I Finsky  : [91] SCH: Scheduling phonesky job Id: 34-4674, CT: 1777803003521, Constraints: [{ L: 604800000, D: 2483730675, C: CHARGING_NONE, I: IDLE_NONE, N: NET_ANY, B: BATTERY_ANY }]
05-03 23:49:28.671 17797 17854 I Finsky  : [91] SCH: Scheduling phonesky job Id: 34-4678, CT: 1777803003521, Constraints: [{ L: 604800000, D: 2577487215, C: CHARGING_NONE, I: IDLE_NONE, N: NET_ANY, B: BATTERY_ANY }]
05-03 23:49:28.671 17797 17854 I Finsky  : [91] SCH: Scheduling phonesky job Id: 34-4681, CT: 1777803003522, Constraints: [{ L: 64681743, D: 1360681743, C: CHARGING_NONE, I: IDLE_NONE, N: NET_ANY, B: BATTERY_ANY }]
05-03 23:49:28.677 17797 17855 I Finsky  : [92] SCH: Scheduling 1 system job(s)
05-03 23:49:28.678 17797 17855 I Finsky  : [92] SCH: Scheduling system job Id: 9451, L: 13809241, D: 57009241, C: false, I: false, N: 1
05-03 23:49:28.688 17797  3831 I Finsky  : [278] SCH: job service finished with id 9445.
05-03 23:49:28.699 17797 17797 I Finsky  : [2] Memory trim requested to level 40
05-03 23:49:28.699 17797 17797 I Finsky  : [2] Flushing in-memory image cache
05-03 23:49:28.709  3282  3282 D BoundBrokerSvc: onUnbind: Intent { act=com.google.android.gms.common.telemetry.service.START dat=chimera-action:/... cmp=com.google.android.gms/.chimera.PersistentApiService }
05-03 23:49:28.822  3282  3282 D BoundBrokerSvc: onUnbind: Intent { act=com.google.android.gms.libs.gmscorelogger.service.START dat=chimera-action:/... cmp=com.google.android.gms/.chimera.PersistentDirectBootAwareApiService }
05-03 23:49:28.845  4098  4098 D nativeloader: Configuring clns-7 for other apk /data/app/~~e533rKhczrkhbMkHrjBUxw==/com.safar.app.qa-0DclP924h7rsOM-WvQrJdQ==/base.apk. target_sdk_version=35, uses_libraries=, library_path=/data/app/~~e533rKhczrkhbMkHrjBUxw==/com.safar.app.qa-0DclP924h7rsOM-WvQrJdQ==/lib/arm64:/data/app/~~e533rKhczrkhbMkHrjBUxw==/com.safar.app.qa-0DclP924h7rsOM-WvQrJdQ==/base.apk!/lib/arm64-v8a, permitted_path=/data:/mnt/expand:/data/user/0/com.safar.app.qa
05-03 23:49:28.848  4098  4098 D CompatChangeReporter: Compat change id reported: 202956589; UID 10338; state: ENABLED
05-03 23:49:28.856  4098  4098 V GraphicsEnvironment: Currently set values for:
05-03 23:49:28.856  4098  4098 V GraphicsEnvironment:   angle_gl_driver_selection_pkgs=[]
05-03 23:49:28.856  4098  4098 V GraphicsEnvironment:   angle_gl_driver_selection_values=[]
05-03 23:49:28.856  4098  4098 V GraphicsEnvironment: Global.Settings values are invalid: number of packages: 0, number of values: 0
05-03 23:49:28.856  4098  4098 V GraphicsEnvironment: Neither updatable production driver nor prerelease driver is supported.
05-03 23:49:28.877  1998  2765 D InetDiagMessage: Destroyed 0 sockets, proto=IPPROTO_TCP, family=AF_INET, states=14
05-03 23:49:28.880  1998  2765 D InetDiagMessage: Destroyed 1 sockets, proto=IPPROTO_TCP, family=AF_INET6, states=14
05-03 23:49:28.880  1998  2765 D InetDiagMessage: Destroyed live tcp sockets for uids={10228} in 6ms
05-03 23:49:28.881  1998  2765 D InetDiagMessage: Destroyed 0 sockets, proto=IPPROTO_TCP, family=AF_INET, states=14
05-03 23:49:28.883  1998  2765 D InetDiagMessage: Destroyed 0 sockets, proto=IPPROTO_TCP, family=AF_INET6, states=14
05-03 23:49:28.884  1998  2765 D InetDiagMessage: Destroyed live tcp sockets for uids={20228} in 3ms
05-03 23:49:28.892  4098  4098 I FirebaseApp: Device unlocked: initializing all Firebase APIs for app [DEFAULT]
05-03 23:49:28.908  4098  4098 I FirebaseInitProvider: FirebaseApp initialization successful
05-03 23:49:28.921  4098  4098 D WM-WrkMgrInitializer: Initializing WorkManager with default configuration.
05-03 23:49:28.956  4098  4098 D WM-PackageManagerHelper: Skipping component enablement for androidx.work.impl.background.systemjob.SystemJobService
05-03 23:49:28.956  4098  4098 D WM-Schedulers: Created SystemJobScheduler and enabled SystemJobService
05-03 23:49:28.963  4098  4098 D CompatChangeReporter: Compat change id reported: 279646685; UID 10338; state: ENABLED
05-03 23:49:28.974  4098  4098 I Typeface: updateThemeFont new=Rookery-Regular;old=sans-serif;new=Rookery-Stacked;old=
05-03 23:49:28.975  1998  8503 I ActivityManager: Flag disabled. Ignoring finishAttachApplication from uid: 10338. pid: 4098
05-03 23:49:28.993   843   843 I lowmemorykiller: Kill 'app.revanced.android.gms' (731), uid 10406, oom_score_adj 995 to free 72880kB rss, 56228kB swap; reason: device is in medium stall and watermark low
05-03 23:49:29.023  1998  3297 I ActivityManager: appDiedLocked: app=ProcessRecord{3b2bc16 731:app.revanced.android.gms/u0a406} thread=android.os.BinderProxy@99b6f67 fromBinderDied=true isKilledByAm=false reason=null
05-03 23:49:29.023  1998  3297 I ActivityManager: Process app.revanced.android.gms (pid 731) has died: cch+95 CEM 
05-03 23:49:29.023  1998  3297 D RestartModeController: markWaitRestartAppIsSuicided null processName=app.revanced.android.gms
05-03 23:49:29.025  1998  3297 D ActivityTaskManager: handleAppDied: uid=10406,diedCount=1,lastDiedTime=36939245,forceStopUids=false
05-03 23:49:29.027   843   843 I lowmemorykiller: Kill 'com.google.android.apps.fitness' (835), uid 10337, oom_score_adj 985 to free 118644kB rss, 44696kB swap; reason: device is in medium stall and watermark low
05-03 23:49:29.032  1998  2281 I libprocessgroup: Removed cgroup /sys/fs/cgroup/uid_10406/pid_731
05-03 23:49:29.033  1998  2281 W libprocessgroup: RemoveCgroup: /dev/memcg/apps/uid_10406/pid_731 does not exist.
05-03 23:49:29.036  1190  1190 I Zygote  : Process 731 exited due to signal 9 (Killed)
05-03 23:49:29.068  1747  2687 D BufferPoolAccessor2.0: bufferpool2 0xb400007ee3eb9828 : 0(0 size) total buffers - 0(0 size) used buffers - 11/15 (recycle/alloc) - 4/14 (fetch/transfer)
05-03 23:49:29.068  1747  2057 D BufferPoolAccessor2.0: bufferpool2 0xb400007ee3eb9428 : 0(0 size) total buffers - 0(0 size) used buffers - 15/16 (recycle/alloc) - 1/15 (fetch/transfer)
05-03 23:49:29.068  1747  2687 D BufferPoolAccessor2.0: Destruction - bufferpool2 0xb400007ee3eb9828 cached: 0/0M, 0/0% in use; allocs: 15, 73% recycled; transfers: 14, 71% unfetched
05-03 23:49:29.068  1747  2057 D BufferPoolAccessor2.0: Destruction - bufferpool2 0xb400007ee3eb9428 cached: 0/0M, 0/0% in use; allocs: 16, 94% recycled; transfers: 15, 93% unfetched
05-03 23:49:29.068  1747  2057 D BufferPoolAccessor2.0: bufferpool2 0xb400007ee3eb9a28 : 0(0 size) total buffers - 0(0 size) used buffers - 14/16 (recycle/alloc) - 2/15 (fetch/transfer)
05-03 23:49:29.068  1747  2057 D BufferPoolAccessor2.0: Destruction - bufferpool2 0xb400007ee3eb9a28 cached: 0/0M, 0/0% in use; allocs: 16, 88% recycled; transfers: 15, 87% unfetched
05-03 23:49:29.069  1747  2057 D BufferPoolAccessor2.0: bufferpool2 0xb400007ee3f9ec28 : 0(0 size) total buffers - 0(0 size) used buffers - 14/16 (recycle/alloc) - 2/15 (fetch/transfer)
05-03 23:49:29.069  1747  2057 D BufferPoolAccessor2.0: Destruction - bufferpool2 0xb400007ee3f9ec28 cached: 0/0M, 0/0% in use; allocs: 16, 88% recycled; transfers: 15, 87% unfetched
05-03 23:49:29.070  1998  3036 I ActivityManager: appDiedLocked: app=ProcessRecord{60b72c4 835:com.google.android.apps.fitness/u0a337} thread=android.os.BinderProxy@3ca0114 fromBinderDied=true isKilledByAm=false reason=null
05-03 23:49:29.070  1998  3036 I ActivityManager: Process com.google.android.apps.fitness (pid 835) has died: cch+85 CEM 
05-03 23:49:29.070  1998  2281 I libprocessgroup: Removed cgroup /sys/fs/cgroup/uid_10337/pid_835
05-03 23:49:29.071  1998  2281 W libprocessgroup: RemoveCgroup: /dev/memcg/apps/uid_10337/pid_835 does not exist.
05-03 23:49:29.071  1190  1190 I Zygote  : Process 835 exited due to signal 9 (Killed)
05-03 23:49:29.074  1998  3036 D RestartModeController: markWaitRestartAppIsSuicided null processName=com.google.android.apps.fitness
05-03 23:49:29.075  1998  2115 D DisplayManagerService: Drop pending events for gone uid 10337
05-03 23:49:29.076  1667  1667 I ResourceManagerMetrics: pushConcurrentUsageReport: No Video Codec Entry for Application[pid(835): uid(10337)]
05-03 23:49:29.076  1667  1667 I ResourceManagerMetrics: pushConcurrentUsageReport: Concurrent Codec Usage Report for the Process[pid(835): uid(10337)] is Peak { AudioDec[ SW: 2 ] } Peak Pixels: 0
05-03 23:49:29.077  1998  3036 D ActivityTaskManager: handleAppDied: uid=10337,diedCount=1,lastDiedTime=36858237,forceStopUids=false
05-03 23:49:29.077  1998  2765 D InetDiagMessage: Destroyed 0 sockets, proto=IPPROTO_TCP, family=AF_INET, states=14
05-03 23:49:29.079  1998  2765 D InetDiagMessage: Destroyed 0 sockets, proto=IPPROTO_TCP, family=AF_INET6, states=14
05-03 23:49:29.079  1998  2765 D InetDiagMessage: Destroyed live tcp sockets for uids={10337} in 3ms
05-03 23:49:29.080  1998  2765 D InetDiagMessage: Destroyed 0 sockets, proto=IPPROTO_TCP, family=AF_INET, states=14
05-03 23:49:29.081  1998  2765 D InetDiagMessage: Destroyed 0 sockets, proto=IPPROTO_TCP, family=AF_INET6, states=14
05-03 23:49:29.082  1998  2765 D InetDiagMessage: Destroyed live tcp sockets for uids={20337} in 2ms
05-03 23:49:29.109  4098  4098 D CompatChangeReporter: Compat change id reported: 309578419; UID 10338; state: ENABLED
05-03 23:49:29.154  4098  4098 W HWUI    : Unknown dataspace 0
05-03 23:49:29.214 17797 17810 W android.vending: ApkAssets: Deleting an ApkAssets object '<empty> and /data/app/~~e533rKhczrkhbMkHrjBUxw==/com.safar.app.qa-0DclP924h7rsOM-WvQrJdQ==/base.apk' with 1 weak references
05-03 23:49:29.214  1331  3869 E ANDR-PERF-LM: VmRssMeter:: start() 453: Could not find pid, can not collect vmrss data
05-03 23:49:29.221  1331  3870 E ANDR-PERF-LM: VmRssMeter:: start() 453: Could not find pid, can not collect vmrss data
05-03 23:49:29.221  1331  3870 E ANDR-PERF-LM: AdaptiveLaunch: writeToDataBase() 64: Meter aborted or could not get meter data for this run
05-03 23:49:29.316  1747  2644 D BufferPoolAccessor2.0: evictor expired: 3, evicted: 0
05-03 23:49:29.370  3282  3959 I NetworkScheduler.Stats: (REDACTED) Task %s/%s started execution. cause:%s exec_start_elapsed_seconds: %s
05-03 23:49:29.422  3282  3667 I Fitness : (REDACTED) TopLevelDataStreamWriter#process(%s, %s)
05-03 23:49:29.470  4098  4098 W om.safar.app.qa: Method boolean androidx.compose.runtime.snapshots.SnapshotStateList.conditionalUpdate(boolean, kotlin.jvm.functions.Function1) failed lock verification and will run slower.
05-03 23:49:29.470  4098  4098 W om.safar.app.qa: Common causes for lock verification issues are non-optimized dex code
05-03 23:49:29.470  4098  4098 W om.safar.app.qa: and incorrect proguard optimizations.
05-03 23:49:29.470  4098  4098 W om.safar.app.qa: Method boolean androidx.compose.runtime.snapshots.SnapshotStateList.conditionalUpdate$default(androidx.compose.runtime.snapshots.SnapshotStateList, boolean, kotlin.jvm.functions.Function1, int, java.lang.Object) failed lock verification and will run slower.
05-03 23:49:29.470  4098  4098 W om.safar.app.qa: Method java.lang.Object androidx.compose.runtime.snapshots.SnapshotStateList.mutate(kotlin.jvm.functions.Function1) failed lock verification and will run slower.
05-03 23:49:29.470  4098  4098 W om.safar.app.qa: Method void androidx.compose.runtime.snapshots.SnapshotStateList.update(boolean, kotlin.jvm.functions.Function1) failed lock verification and will run slower.
05-03 23:49:29.470  4098  4098 W om.safar.app.qa: Method void androidx.compose.runtime.snapshots.SnapshotStateList.update$default(androidx.compose.runtime.snapshots.SnapshotStateList, boolean, kotlin.jvm.functions.Function1, int, java.lang.Object) failed lock verification and will run slower.
05-03 23:49:29.486  1998  3036 W PackageManager: Missing required system package: com.google.android.apps.fitness, but found with extended search.
05-03 23:49:29.488  1998  2187 V GrammaticalInflectionUtils: AttributionSource: android.content.AttributionSource@11bfde3e does not have READ_SYSTEM_GRAMMATICAL_GENDER permission.
05-03 23:49:29.491  1998  2188 W PackageManager: Missing required system package: com.google.android.apps.fitness, but found with extended search.
05-03 23:49:29.501  3282  3959 I NetworkScheduler.Stats: (REDACTED) Task %s/%s finished executing. cause:%s result: %s elapsed_millis: %s uptime_millis: %s exec_start_elapsed_seconds: %s
05-03 23:49:29.507  1190  1190 D Zygote  : Forked child process 4142
05-03 23:49:29.509  1998  2188 I ActivityManager: Start proc 4142:com.google.android.apps.fitness/u0a337 for broadcast {com.google.android.apps.fitness/com.google.android.apps.fitness.shared.sync.receiver.PlatformSyncListener_Receiver}
05-03 23:49:29.536  4142  4142 I id.apps.fitness: Using CollectorTypeCC GC.
05-03 23:49:29.549  4142  4142 D nativeloader: Load libframework-connectivity-tiramisu-jni.so using APEX ns com_android_tethering for caller /apex/com.android.tethering/javalib/framework-connectivity-t.jar: ok
05-03 23:49:29.554  3282  3999 I Fitness : (REDACTED) Initializing package %s: %d subscriptions
05-03 23:49:29.560  3282  3999 I Fitness : (REDACTED) FitRecording initialized.  Recreated %d subscriptions out of %d.
05-03 23:49:29.584  4142  4142 D ApplicationLoaders: Returning zygote-cached class loader: /system/framework/org.apache.http.legacy.jar
05-03 23:49:29.584  4142  4142 D ApplicationLoaders: Returning zygote-cached class loader: /system_ext/framework/androidx.window.extensions.jar
05-03 23:49:29.584  4142  4142 D ApplicationLoaders: Returning zygote-cached class loader: /system_ext/framework/androidx.window.sidecar.jar
05-03 23:49:29.606  1998  5494 W PackageManager: Missing required system package: com.instagram.android, but found with extended search.
05-03 23:49:29.630  1998  5494 D CoreBackPreview: Window{5f34af3 u0 com.safar.app.qa/com.safar.app.MainActivity}: Setting back callback OnBackInvokedCallbackInfo{mCallback=android.window.IOnBackInvokedCallback$Stub$Proxy@1702e6a, mPriority=0, mIsAnimationCallback=false}
05-03 23:49:29.632  4142  4142 W id.apps.fitness: Failed to find entry 'classes.dex': Entry not found
05-03 23:49:29.634  4142  4142 W id.apps.fitness: Failed to find entry 'classes.dex': Entry not found
05-03 23:49:29.636  4142  4142 W id.apps.fitness: Failed to find entry 'classes.dex': Entry not found
05-03 23:49:29.638  4142  4142 D nativeloader: Configuring clns-7 for other apk /data/app/~~C5OAwaBqdPCHP1XBfbRIPw==/com.google.android.apps.fitness-Rzy-42ZWOxMzxO_AYFsSxQ==/base.apk:/data/app/~~C5OAwaBqdPCHP1XBfbRIPw==/com.google.android.apps.fitness-Rzy-42ZWOxMzxO_AYFsSxQ==/split_config.arm64_v8a.apk:/data/app/~~C5OAwaBqdPCHP1XBfbRIPw==/com.google.android.apps.fitness-Rzy-42ZWOxMzxO_AYFsSxQ==/split_config.en.apk:/data/app/~~C5OAwaBqdPCHP1XBfbRIPw==/com.google.android.apps.fitness-Rzy-42ZWOxMzxO_AYFsSxQ==/split_config.xhdpi.apk. target_sdk_version=36, uses_libraries=, library_path=/data/app/~~C5OAwaBqdPCHP1XBfbRIPw==/com.google.android.apps.fitness-Rzy-42ZWOxMzxO_AYFsSxQ==/lib/arm64:/data/app/~~C5OAwaBqdPCHP1XBfbRIPw==/com.google.android.apps.fitness-Rzy-42ZWOxMzxO_AYFsSxQ==/base.apk!/lib/arm64-v8a:/data/app/~~C5OAwaBqdPCHP1XBfbRIPw==/com.google.android.apps.fitness-Rzy-42ZWOxMzxO_AYFsSxQ==/split_config.arm64_v8a.apk!/lib/arm64-v8a:/data/app/~~C5OAwaBqdPCHP1XBfbRIPw==/com.google.android.apps.fitness-Rzy-42ZWOxMzxO_AYFsSxQ==/split_config.en.apk!/lib/arm6
05-03 23:49:29.660  4098  4098 W libc    : Access denied finding property "vendor.display.enable_optimal_refresh_rate"
05-03 23:49:29.659  4098  4098 W om.safar.app.qa: type=1400 audit(0.0:17103): avc:  denied  { read } for  name="u:object_r:vendor_display_prop:s0" dev="tmpfs" ino=12051 scontext=u:r:untrusted_app:s0:c82,c257,c512,c768 tcontext=u:object_r:vendor_display_prop:s0 tclass=file permissive=0 app=com.safar.app.qa
05-03 23:49:29.660  4142  4142 V GraphicsEnvironment: Currently set values for:
05-03 23:49:29.660  4142  4142 V GraphicsEnvironment:   angle_gl_driver_selection_pkgs=[]
05-03 23:49:29.660  4142  4142 V GraphicsEnvironment:   angle_gl_driver_selection_values=[]
05-03 23:49:29.660  4142  4142 V GraphicsEnvironment: Global.Settings values are invalid: number of packages: 0, number of values: 0
05-03 23:49:29.660  4142  4142 V GraphicsEnvironment: Neither updatable production driver nor prerelease driver is supported.
05-03 23:49:29.661  4098  4131 I AdrenoGLES-0: QUALCOMM build                   : 923a446bf8, I23d7d7df15
05-03 23:49:29.661  4098  4131 I AdrenoGLES-0: Build Date                       : 09/05/24
05-03 23:49:29.661  4098  4131 I AdrenoGLES-0: OpenGL ES Shader Compiler Version: EV031.35.01.12
05-03 23:49:29.661  4098  4131 I AdrenoGLES-0: Local Branch                     : 
05-03 23:49:29.661  4098  4131 I AdrenoGLES-0: Remote Branch                    : refs/tags/AU_LINUX_ANDROID_LA.UM.9.14.11.00.00.571.148
05-03 23:49:29.661  4098  4131 I AdrenoGLES-0: Remote Branch                    : NONE
05-03 23:49:29.661  4098  4131 I AdrenoGLES-0: Reconstruct Branch               : NOTHING
05-03 23:49:29.661  4098  4131 I AdrenoGLES-0: Build Config                     : S P 10.0.7 AArch64
05-03 23:49:29.661  4098  4131 I AdrenoGLES-0: Driver Path                      : /vendor/lib64/egl/libGLESv2_adreno.so
05-03 23:49:29.669  4098  4131 I AdrenoGLES-0: PFP: 0x016ee201, ME: 0x00000000
05-03 23:49:29.686  4098  4131 I HWUI    : setGrContext nullptr-->validptr
05-03 23:49:29.693  4142  4142 W id.apps.fitness: Method void mwb.c(android.app.Activity) failed lock verification and will run slower.
05-03 23:49:29.693  4142  4142 W id.apps.fitness: Common causes for lock verification issues are non-optimized dex code
05-03 23:49:29.693  4142  4142 W id.apps.fitness: and incorrect proguard optimizations.
05-03 23:49:29.710  4098  4098 D SAFAR_FCM: TOKEN = d8h5AxmhRQixW9y-Zt5tne:APA91bE5YCoBjwR3RfeqG2Rrc7Ng4f5gua_408_Q9-7GkDUH2XLZza1wQH4Q9rC9bEQMXgkcWPcc9bhEk1KDVhsidQ8lcoGU6Jjwn3YEB1H3VSx72a6BSXI
05-03 23:49:29.718  1998  2114 I MotoPerfManagerService: handleAppStart 10338:com.safar.app.qa cold -1 65 61 134 1610
05-03 23:49:29.723  1998  2114 I ActivityTaskManager: Displayed com.safar.app.qa/com.safar.app.MainActivity for user 0: +1s610ms
05-03 23:49:29.729  4098  4109 I HWUI    : Davey! duration=747ms; Flags=1, FrameTimelineVsyncId=8753860, IntendedVsync=37578354662465, Vsync=37578554708489, InputEventId=0, HandleInputStart=37578559409987, AnimationStart=37578559417383, PerformTraversalsStart=37578559576237, DrawStart=37579080622122, FrameDeadline=37578368329131, FrameInterval=37578559066862, FrameStartTime=8335251, SyncQueued=37579085179049, SyncStart=37579085357695, IssueDrawCommandsStart=37579086166185, SwapBuffers=37579100257643, FrameCompleted=37579102362435, DequeueBufferDuration=12500, QueueBufferDuration=544583, GpuCompleted=37579102362435, SwapBuffersCompleted=37579101466185, DisplayPresentTime=17596482228648, CommandSubmissionCompleted=37579100257643, 
05-03 23:49:29.730  2884  2986 D Surface : Surface::disconnect
05-03 23:49:29.730  2884  2986 D BufferQueueProducer: [Splash Screen com.safar.app.qa#4683(BLAST Consumer)pid:2884](id:b4400000172,api:1,p:2884,c:2884) disconnect: api 1
05-03 23:49:29.731  4142  4142 I Typeface: updateThemeFont new=Rookery-Regular;old=sans-serif;new=Rookery-Stacked;old=
05-03 23:49:29.735  1998  3297 I ActivityManager: Flag disabled. Ignoring finishAttachApplication from uid: 10337. pid: 4142
05-03 23:49:29.739  4098  4098 I Choreographer: Skipped 65 frames!  The application may be doing too much work on its main thread.
05-03 23:49:29.741  2884  2966 W WindowOnBackDispatcher: sendCancelIfRunning: isInProgress=false callback=android.view.ViewRootImpl$$ExternalSyntheticLambda11@c382c5e
05-03 23:49:29.744  1998  3036 D CoreBackPreview: Window{f524c1 u0 Splash Screen com.safar.app.qa EXITING}: Setting back callback null
05-03 23:49:29.744  1302  1302 I QTI PowerHAL: Power setBoost: 0, duration: 0
05-03 23:49:29.744  1384  1721 I Scheduler: applyPolicy: UpdateRefreshRate 120 to 90 of group 0: [touch=1:1 touchBoost=1 scroll=0:0 idle=0:0] for display 4630946747577212033
05-03 23:49:29.745  1384  1721 W ComposerExtn: DisplayExtnImpl::SetActiveConfig: HWC Display 0 is not registered!
05-03 23:49:29.746  1998  3297 W InputManager-JNI: Input channel object 'f524c1 Splash Screen com.safar.app.qa (client)' was disposed without first being removed with the input manager!
05-03 23:49:29.746  1384  1721 D DisplayModeController: setDesiredMode 4630946747577212033 {mode={fps=90.00 Hz, modePtr={id=1, vsyncRate=90.00 Hz, peakRefreshRate=90.00 Hz}}, emitEvent=true, force=false}
05-03 23:49:29.751  1384  1384 I SurfaceFlinger: initiateDisplayModeChanges changing active mode from 0(120.00 Hz:0) to 1(90.00 Hz:0) for display 4630946747577212033
05-03 23:49:29.751  1384  1384 I SurfaceFlinger: initiateDisplayModeChanges active mode changed to 1(90.00 Hz) for display 4630946747577212033. mBrightnessDimingCnt=0
05-03 23:49:29.753  1327  1707 I SDM     : HWDeviceDRM::UpdateMixerAttributes: Mixer WxH 720x1600-0 for Peripheral
05-03 23:49:29.753  1384  1706 D VSyncReactor: 4630946747577212033: confirming period 8->11(cnt1)
05-03 23:49:29.753  1327  1707 I SDM     : HWCDisplay::SubmitDisplayConfig: Active configuration changed to: 1
05-03 23:49:29.754  5254  5254 D BaseDepthController: setSurface:
05-03 23:49:29.754  5254  5254 D BaseDepthController: 	mWaitingOnSurfaceValidity: false
05-03 23:49:29.754  5254  5254 D BaseDepthController: 	mSurface: null
05-03 23:49:29.755  5254  5254 D BaseDepthController: mSurface is null and mCurrentBlur is: 0
05-03 23:49:29.760  1384  1384 I SurfaceFlinger: initiateDisplayModeChanges changing active mode from 1(90.00 Hz:0) to 1(90.00 Hz:0) for display 4630946747577212033
05-03 23:49:29.760  1998  2126 I DisplayDeviceRepository: Display device changed render timings: "Built-in Screen", renderFrameRate=90.0, presentationDeadlineNanos=11500000, appVsyncOffsetNanos=9166667
05-03 23:49:29.761  1384  1706 D VSyncReactor: 4630946747577212033: period 11 confirmed(cnt1)
05-03 23:49:29.762  1998  2739 I ImeTracker: com.safar.app.qa:35af72e6: onRequestHide at ORIGIN_SERVER reason HIDE_UNSPECIFIED_WINDOW fromUser false
05-03 23:49:29.763  1998  2739 I ImeTracker: com.safar.app.qa:35af72e6: onCancelled at PHASE_SERVER_SHOULD_HIDE
05-03 23:49:29.765  1998  2326 D BrightnessThermalClamper: Thermal status observer already started
05-03 23:49:29.771  1998  2126 D DisplayManagerService: Ignore redundant display event 0/2 to 10221/23122
05-03 23:49:29.771  1998  2126 D DisplayManagerService: Ignore redundant display event 0/2 to 10344/23390
05-03 23:49:29.771  1998  2126 D DisplayManagerService: Ignore redundant display event 0/2 to 10248/28102
05-03 23:49:29.771  1998  2126 D DisplayManagerService: Ignore redundant display event 0/2 to 10221/30576
05-03 23:49:29.774  1384  3884 E ANDR-PERF-CLIENT-SYS: Process is Flooding request to PerfService
05-03 23:49:29.778 13611 14340 D MCLOG   : [BrightnessTrigger] onDisplayChanged displayId = 0
05-03 23:49:29.781 13611 14340 D MCLOG   : [BrightnessManager] displayId = 0 brightness = 0.015835028 nit = 11.511654 level = br1
05-03 23:49:29.781  5452  5452 I MotoDesktopLog: [ R4DisplayService ] - getFoldType, mFoldType0
05-03 23:49:29.784  5254  5254 D StatsLog: LAUNCHER_ONSTOP
05-03 23:49:29.787  5674  5674 I bvwa    : onStop
05-03 23:49:29.788  5452  5452 I MotoDesktopLog: [ FS_ScreenSizeManager ] - [Display] Changed display: 0
05-03 23:49:29.788  5452  5452 I MotoDesktopLog: [ FS_ScreenSizeManager ] - [Display] Current activity display id: null
05-03 23:49:29.789  5452  5452 I MotoDesktopLog: [ FS_ScreenSizeManager ] - [Logic] Retrieved display info: LogicDisplayInfo(width=720, height=1600, orientation=1, rotation=0, displayId=0)
05-03 23:49:29.789  5452  5452 I MotoDesktopLog: [ FS_ScreenSizeManager ] - [Display] New logical size: 720x1600
05-03 23:49:29.789  5452  5452 I MotoDesktopLog: [ FS_ScreenSizeManager ] - [Display] Screen width unchanged: 720
05-03 23:49:29.789 29046 29100 D audio_hw_primary: adev_set_parameters: enter: screen_state=on
05-03 23:49:29.790 29046 29100 D sound_trigger_hw: handle_screen_status_change: screen on
05-03 23:49:29.790 29046 29100 D audio_hw_primary: adev_set_parameters: exit with code(0) takes 0.13 ms
05-03 23:49:29.791  3965  3965 I GoogleInputMethodService: GoogleInputMethodService.onFinishInput():2186 
05-03 23:49:29.798  3965  3965 I Module  : DeviceLockedStatusModuleProvider$Module.updateDeviceLockedStatus():103 repeatCheckTimes = 0, locked = false
05-03 23:49:29.798  3965  3965 I GoogleInputMethodService: GoogleInputMethodService.onStartInput():1444 onStartInput(EditorInfo{EditorInfo{packageName=com.safar.app.qa, inputType=0, inputTypeString=NULL, enableLearning=false, autoCorrection=false, autoComplete=false, imeOptions=0, privateImeOptions=null, actionName=UNSPECIFIED, actionLabel=null, initialSelStart=-1, initialSelEnd=-1, initialCapsMode=0, label=null, fieldId=0, fieldName=null, extras=null, hintText=null, hintLocales=[]}}, false)
05-03 23:49:29.799  3965  3965 I AndroidIME: LatinIMEBase.updateInputViewCoverNavigation():321 Update input view padding, isNavbarOverInputWindow=false, bottom inset=71
05-03 23:49:29.799  3965  3965 I Module  : DeviceLockedStatusModuleProvider$Module.updateDeviceLockedStatus():103 repeatCheckTimes = 1, locked = false
05-03 23:49:29.800  1998  3037 D PowerManagerService: nativeSetPowerMode ret:true mode:5 enabled:false duration ms: 0
05-03 23:49:29.801  1302  1302 I QTI PowerHAL: Power setMode: 5 to: 0
05-03 23:49:29.801  1998  5494 D FileUtils: Rounded bytes from 7856328704 to 8000000000
05-03 23:49:29.802  1998  3037 D PowerManagerService: nativeReleaseSuspendBlocker name:PowerManagerService.WakeLocks duration ms: 0
05-03 23:49:29.802  1998  8060 W PackageConfigPersister: App-specific configuration not found for packageName: com.safar.app.qa and userId: 0
05-03 23:49:29.802  1998  2170 W MotoBatteryCareService: uid: 10338 pkgName:com.safar.app.qa come to foreground
05-03 23:49:29.819  3282  7565 I FontLog : (REDACTED) Received query %s, URI %s
05-03 23:49:29.819  3282  7565 I FontLog : (REDACTED) Query [%s] resolved to %s
05-03 23:49:29.821  3282  7565 I FontLog : (REDACTED) Fetch %s end status %s
05-03 23:49:29.826  3282  8112 I FontLog : (REDACTED) Pulling font file for id = %d, cache size = %d
05-03 23:49:29.830  3282  4323 I FontLog : (REDACTED) Pulling font file for id = %d, cache size = %d
05-03 23:49:29.880  4098  4104 I om.safar.app.qa: Compiler allocated 5213KB to compile void android.view.ViewRootImpl.performTraversals()
05-03 23:49:30.617  1998  3037 W PackageManager: Missing required system package: com.instagram.android, but found with extended search.
05-03 23:49:30.747  1384  1721 I Scheduler: applyPolicy: UpdateRefreshRate 90 to 120 of group 0: [touch=0:0 touchBoost=0 scroll=0:0 idle=0:0] for display 4630946747577212033
05-03 23:49:30.748  1384  1721 W ComposerExtn: DisplayExtnImpl::SetActiveConfig: HWC Display 0 is not registered!
05-03 23:49:30.748  1384  1721 D DisplayModeController: setDesiredMode 4630946747577212033 {mode={fps=120.00 Hz, modePtr={id=0, vsyncRate=120.00 Hz, peakRefreshRate=120.00 Hz}}, emitEvent=true, force=false}
05-03 23:49:30.750  1384  1706 D VSyncReactor: 4630946747577212033: confirming period 11->8(cnt1)
05-03 23:49:30.751  1384  1384 I SurfaceFlinger: initiateDisplayModeChanges changing active mode from 1(90.00 Hz:0) to 0(120.00 Hz:0) for display 4630946747577212033
05-03 23:49:30.752  1384  1384 I SurfaceFlinger: initiateDisplayModeChanges active mode changed to 0(120.00 Hz) for display 4630946747577212033. mBrightnessDimingCnt=0
05-03 23:49:30.753  1327  1707 I SDM     : HWDeviceDRM::UpdateMixerAttributes: Mixer WxH 720x1600-0 for Peripheral
05-03 23:49:30.753  1327  1707 I SDM     : HWCDisplay::SubmitDisplayConfig: Active configuration changed to: 0
05-03 23:49:30.763  1384  1384 I SurfaceFlinger: initiateDisplayModeChanges changing active mode from 0(120.00 Hz:0) to 0(120.00 Hz:0) for display 4630946747577212033
05-03 23:49:30.764  1998  2126 I DisplayDeviceRepository: Display device changed render timings: "Built-in Screen", renderFrameRate=120.00001, presentationDeadlineNanos=11500000, appVsyncOffsetNanos=833333
05-03 23:49:30.767  1998  2326 D BrightnessThermalClamper: Thermal status observer already started
05-03 23:49:30.768 29046 29100 D audio_hw_primary: adev_set_parameters: enter: screen_state=on
05-03 23:49:30.768 29046 29100 D sound_trigger_hw: handle_screen_status_change: screen on
05-03 23:49:30.768 29046 29100 D audio_hw_primary: adev_set_parameters: exit with code(0) takes 0.14 ms
05-03 23:49:30.770  1384  1706 D VSyncReactor: 4630946747577212033: period 8 confirmed(cnt2)
05-03 23:49:30.771  1998  2126 D DisplayManagerService: Ignore redundant display event 0/2 to 10211/17797
05-03 23:49:30.771  1998  2126 D DisplayManagerService: Ignore redundant display event 0/2 to 10221/23122
05-03 23:49:30.771  1998  2126 D DisplayManagerService: Ignore redundant display event 0/2 to 10344/23390
05-03 23:49:30.771  1998  2126 D DisplayManagerService: Ignore redundant display event 0/2 to 10248/28102
05-03 23:49:30.771  1998  2126 D DisplayManagerService: Ignore redundant display event 0/2 to 10221/30576
05-03 23:49:30.772  5452  5452 I MotoDesktopLog: [ R4DisplayService ] - getFoldType, mFoldType0
05-03 23:49:30.774  5452  5452 I MotoDesktopLog: [ FS_ScreenSizeManager ] - [Display] Changed display: 0
05-03 23:49:30.774  5452  5452 I MotoDesktopLog: [ FS_ScreenSizeManager ] - [Display] Current activity display id: null
05-03 23:49:30.774 13611 14340 D MCLOG   : [BrightnessTrigger] onDisplayChanged displayId = 0
05-03 23:49:30.774  5452  5452 I MotoDesktopLog: [ FS_ScreenSizeManager ] - [Logic] Retrieved display info: LogicDisplayInfo(width=720, height=1600, orientation=1, rotation=0, displayId=0)
05-03 23:49:30.774  5452  5452 I MotoDesktopLog: [ FS_ScreenSizeManager ] - [Display] New logical size: 720x1600
05-03 23:49:30.774  5452  5452 I MotoDesktopLog: [ FS_ScreenSizeManager ] - [Display] Screen width unchanged: 720
05-03 23:49:30.775 13611 14340 D MCLOG   : [BrightnessManager] displayId = 0 brightness = 0.015835028 nit = 11.511654 level = br1
05-03 23:49:31.008  1293 10545 I vendor.qti.bluetooth@1.0-ibs_handler: ProcessIbsCmd: Received IBS_WAKE_IND: 0xFD
05-03 23:49:31.008  1293 10545 D vendor.qti.bluetooth@1.0-ibs_handler: SerialClockVote: vote for UART CLK ON
05-03 23:49:31.010  1293 10545 D vendor.qti.bluetooth@1.0-wake_lock: Acquire wakelock is acquired 
05-03 23:49:31.010  1293 10545 I vendor.qti.bluetooth@1.0-ibs_handler: ProcessIbsCmd: Writing IBS_WAKE_ACK
05-03 23:49:31.016  3282  5856 I NearbyDiscovery: (REDACTED) BloomFilterAdvManager: Detected bloom filter but too far away, ignoring. %sm, %s
05-03 23:49:31.051  1293 10545 I vendor.qti.bluetooth@1.0-ibs_handler: ProcessIbsCmd: Received IBS_SLEEP_IND: 0xFE
05-03 23:49:31.051  1293 10545 D vendor.qti.bluetooth@1.0-ibs_handler: SerialClockVote: vote for UART CLK OFF
05-03 23:49:31.201  1293 10388 D vendor.qti.bluetooth@1.0-wake_lock: Release wakelock is released 
05-03 23:49:31.228  1293 10545 I vendor.qti.bluetooth@1.0-ibs_handler: ProcessIbsCmd: Received IBS_WAKE_IND: 0xFD
05-03 23:49:31.228  1293 10545 D vendor.qti.bluetooth@1.0-ibs_handler: SerialClockVote: vote for UART CLK ON
05-03 23:49:31.228  1293 10545 D vendor.qti.bluetooth@1.0-wake_lock: Acquire wakelock is acquired 
05-03 23:49:31.228  1293 10545 I vendor.qti.bluetooth@1.0-ibs_handler: ProcessIbsCmd: Writing IBS_WAKE_ACK
05-03 23:49:31.234  3282  3839 E BluetoothDevice: BT not enabled. Cannot get remote device Uuids
05-03 23:49:31.234  3282  3839 E BluetoothDevice: BT not enabled. Cannot get remote device Uuids
05-03 23:49:31.269  1293 10545 I vendor.qti.bluetooth@1.0-ibs_handler: ProcessIbsCmd: Received IBS_SLEEP_IND: 0xFE
05-03 23:49:31.269  1293 10545 D vendor.qti.bluetooth@1.0-ibs_handler: SerialClockVote: vote for UART CLK OFF
05-03 23:49:31.419  1293 10388 D vendor.qti.bluetooth@1.0-wake_lock: Release wakelock is released 
05-03 23:49:31.508  1293 10545 I vendor.qti.bluetooth@1.0-ibs_handler: ProcessIbsCmd: Received IBS_WAKE_IND: 0xFD
05-03 23:49:31.508  1293 10545 D vendor.qti.bluetooth@1.0-ibs_handler: SerialClockVote: vote for UART CLK ON
05-03 23:49:31.509  1293 10545 D vendor.qti.bluetooth@1.0-wake_lock: Acquire wakelock is acquired 
05-03 23:49:31.509  1293 10545 I vendor.qti.bluetooth@1.0-ibs_handler: ProcessIbsCmd: Writing IBS_WAKE_ACK
05-03 23:49:31.515  3282  3839 E BluetoothDevice: BT not enabled. Cannot get remote device Uuids
05-03 23:49:31.515  3282  3839 E BluetoothDevice: BT not enabled. Cannot get remote device Uuids
05-03 23:49:31.550  1293 10545 I vendor.qti.bluetooth@1.0-ibs_handler: ProcessIbsCmd: Received IBS_SLEEP_IND: 0xFE
05-03 23:49:31.550  1293 10545 D vendor.qti.bluetooth@1.0-ibs_handler: SerialClockVote: vote for UART CLK OFF
05-03 23:49:31.627  1998  3296 W PackageManager: Missing required system package: com.instagram.android, but found with extended search.
05-03 23:49:31.637  1998  2619 D BatteryService: uevent={POWER_SUPPLY_VOLTAGE_NOW=3674941, POWER_SUPPLY_CHARGE_CONTROL_LIMIT_MAX=9, POWER_SUPPLY_TYPE=Battery, POWER_SUPPLY_HEALTH=Good, POWER_SUPPLY_TECHNOLOGY=Li-ion, POWER_SUPPLY_CHARGE_FULL_DESIGN=5096000, SEQNUM=84943, POWER_SUPPLY_CHARGE_CONTROL_LIMIT=4, POWER_SUPPLY_STATUS=Charging, POWER_SUPPLY_CURRENT_MAX=2000000, POWER_SUPPLY_CYCLE_COUNT=21, POWER_SUPPLY_CHARGE_TERM_CURRENT=-100, POWER_SUPPLY_CAPACITY=28, DEVPATH=/devices/platform/soc/1c40000.qcom,spmi/spmi-0/spmi0-02/1c40000.qcom,spmi:qcom,pm7250b@2:qcom,qpnp-smb5-mmi/power_supply/battery, POWER_SUPPLY_CHARGE_TYPE=Fast, POWER_SUPPLY_CHARGE_RATE=Turbo, POWER_SUPPLY_INPUT_CURRENT_LIMIT=0, POWER_SUPPLY_CURRENT_NOW=-828552, POWER_SUPPLY_PRESENT=1, POWER_SUPPLY_CHARGE_FULL=5096000, POWER_SUPPLY_TIME_TO_FULL_NOW=123430, POWER_SUPPLY_CONSTANT_CHARGE_CURRENT=2000000, SUBSYSTEM=power_supply, POWER_SUPPLY_TEMP=354, ACTION=change, POWER_SUPPLY_NAME=battery, POWER_SUPPLY_VOLTAGE_MAX=4520000, POWER_SUPPLY_CONSTANT_CHARGE_CURRENT_MAX=4000000, POWER_SUPPLY_CHARGE_COUNTER=1519117}
05-03 23:49:31.637  1998  2619 D BatteryService: uevent={POWER_SUPPLY_VOLTAGE_NOW=3674941, POWER_SUPPLY_CHARGE_CONTROL_LIMIT_MAX=9, POWER_SUPPLY_TYPE=Battery, POWER_SUPPLY_HEALTH=Good, POWER_SUPPLY_TECHNOLOGY=Li-ion, POWER_SUPPLY_CHARGE_FULL_DESIGN=5096000, SEQNUM=84943, POWER_SUPPLY_CHARGE_CONTROL_LIMIT=4, POWER_SUPPLY_STATUS=Charging, POWER_SUPPLY_CURRENT_MAX=2000000, POWER_SUPPLY_CYCLE_COUNT=21, POWER_SUPPLY_CHARGE_TERM_CURRENT=-100, POWER_SUPPLY_CAPACITY=28, DEVPATH=/devices/platform/soc/1c40000.qcom,spmi/spmi-0/spmi0-02/1c40000.qcom,spmi:qcom,pm7250b@2:qcom,qpnp-smb5-mmi/power_supply/battery, POWER_SUPPLY_CHARGE_TYPE=Fast, POWER_SUPPLY_CHARGE_RATE=Turbo, POWER_SUPPLY_INPUT_CURRENT_LIMIT=0, POWER_SUPPLY_CURRENT_NOW=-828552, POWER_SUPPLY_PRESENT=1, POWER_SUPPLY_CHARGE_FULL=5096000, POWER_SUPPLY_TIME_TO_FULL_NOW=123430, POWER_SUPPLY_CONSTANT_CHARGE_CURRENT=2000000, SUBSYSTEM=power_supply, POWER_SUPPLY_TEMP=354, ACTION=change, POWER_SUPPLY_NAME=battery, POWER_SUPPLY_VOLTAGE_MAX=4520000, POWER_SUPPLY_CONSTANT_CHARGE_CURRENT_MAX=4000000, POWER_SUPPLY_CHARGE_COUNTER=1519117}
05-03 23:49:31.638  1998  2619 D BatteryService: uevent={POWER_SUPPLY_VOLTAGE_NOW=3674941, POWER_SUPPLY_CHARGE_CONTROL_LIMIT_MAX=9, POWER_SUPPLY_TYPE=Battery, POWER_SUPPLY_HEALTH=Good, POWER_SUPPLY_TECHNOLOGY=Li-ion, POWER_SUPPLY_CHARGE_FULL_DESIGN=5096000, SEQNUM=84944, POWER_SUPPLY_CHARGE_CONTROL_LIMIT=4, POWER_SUPPLY_STATUS=Charging, POWER_SUPPLY_CURRENT_MAX=2000000, POWER_SUPPLY_CYCLE_COUNT=21, POWER_SUPPLY_CHARGE_TERM_CURRENT=-100, POWER_SUPPLY_CAPACITY=28, DEVPATH=/devices/platform/soc/1c40000.qcom,spmi/spmi-0/spmi0-02/1c40000.qcom,spmi:qcom,pm7250b@2:qcom,qpnp-smb5-mmi/power_supply/battery, POWER_SUPPLY_CHARGE_TYPE=Fast, POWER_SUPPLY_INPUT_CURRENT_LIMIT=0, POWER_SUPPLY_CURRENT_NOW=-828552, POWER_SUPPLY_PRESENT=1, POWER_SUPPLY_CHARGE_FULL=5096000, POWER_SUPPLY_TIME_TO_FULL_NOW=123430, POWER_SUPPLY_CONSTANT_CHARGE_CURRENT=2000000, SUBSYSTEM=power_supply, POWER_SUPPLY_TEMP=354, ACTION=change, POWER_SUPPLY_NAME=battery, POWER_SUPPLY_VOLTAGE_MAX=4520000, POWER_SUPPLY_CONSTANT_CHARGE_CURRENT_MAX=4000000, POWER_SUPPLY_CHARGE_COUNTER=1519117}
05-03 23:49:31.639  1998  2619 D BatteryService: uevent={POWER_SUPPLY_VOLTAGE_NOW=3674941, POWER_SUPPLY_CHARGE_CONTROL_LIMIT_MAX=9, POWER_SUPPLY_TYPE=Battery, POWER_SUPPLY_HEALTH=Good, POWER_SUPPLY_TECHNOLOGY=Li-ion, POWER_SUPPLY_CHARGE_FULL_DESIGN=5096000, SEQNUM=84944, POWER_SUPPLY_CHARGE_CONTROL_LIMIT=4, POWER_SUPPLY_STATUS=Charging, POWER_SUPPLY_CURRENT_MAX=2000000, POWER_SUPPLY_CYCLE_COUNT=21, POWER_SUPPLY_CHARGE_TERM_CURRENT=-100, POWER_SUPPLY_CAPACITY=28, DEVPATH=/devices/platform/soc/1c40000.qcom,spmi/spmi-0/spmi0-02/1c40000.qcom,spmi:qcom,pm7250b@2:qcom,qpnp-smb5-mmi/power_supply/battery, POWER_SUPPLY_CHARGE_TYPE=Fast, POWER_SUPPLY_INPUT_CURRENT_LIMIT=0, POWER_SUPPLY_CURRENT_NOW=-828552, POWER_SUPPLY_PRESENT=1, POWER_SUPPLY_CHARGE_FULL=5096000, POWER_SUPPLY_TIME_TO_FULL_NOW=123430, POWER_SUPPLY_CONSTANT_CHARGE_CURRENT=2000000, SUBSYSTEM=power_supply, POWER_SUPPLY_TEMP=354, ACTION=change, POWER_SUPPLY_NAME=battery, POWER_SUPPLY_VOLTAGE_MAX=4520000, POWER_SUPPLY_CONSTANT_CHARGE_CURRENT_MAX=4000000, POWER_SUPPLY_CHARGE_COUNTER=1519117}
05-03 23:49:31.647  2884  4797 D PowerUI : can't show warning due to - plugged: true status unknown: false
05-03 23:49:31.653  2884  4638 D PowerUI : can't show warning due to - plugged: true status unknown: false
05-03 23:49:31.660  3090  3090 D QtiCarrierConfigHelper: WARNING, no carrier configs on phone Id: 1
05-03 23:49:31.660  2884  4711 D PowerUI : can't show warning due to - plugged: true status unknown: false
05-03 23:49:31.662  1998  1998 V UiModeManager: updateLocked: null action, mDockState=0, category=null
05-03 23:49:31.663  1998  1998 D UiModeManager: updateConfigurationLocked: mDockState=0; mCarMode=false; mNightMode=com.android.server.UiModeManagerService$1@acdd96c; mNightModeCustomType=-1; uiMode=17
05-03 23:49:31.665  3090  3090 D QtiCarrierConfigHelper: WARNING, no carrier configs on phone Id: 1
05-03 23:49:31.669  2884  4773 D PowerUI : can't show warning due to - plugged: true status unknown: false
05-03 23:49:31.669  1998  1998 V UiModeManager: updateLocked: null action, mDockState=0, category=null
05-03 23:49:31.669  1998  1998 D UiModeManager: updateConfigurationLocked: mDockState=0; mCarMode=false; mNightMode=com.android.server.UiModeManagerService$1@acdd96c; mNightModeCustomType=-1; uiMode=17
05-03 23:49:31.669  1998  1998 V UiModeManager: updateLocked: null action, mDockState=0, category=null
05-03 23:49:31.669  1998  1998 D UiModeManager: updateConfigurationLocked: mDockState=0; mCarMode=false; mNightMode=com.android.server.UiModeManagerService$1@acdd96c; mNightModeCustomType=-1; uiMode=17
05-03 23:49:31.670  1998  1998 V UiModeManager: updateLocked: null action, mDockState=0, category=null
05-03 23:49:31.670  1998  1998 D UiModeManager: updateConfigurationLocked: mDockState=0; mCarMode=false; mNightMode=com.android.server.UiModeManagerService$1@acdd96c; mNightModeCustomType=-1; uiMode=17
05-03 23:49:31.670  1998  1998 V UiModeManager: updateLocked: null action, mDockState=0, category=null
05-03 23:49:31.670  1998  1998 D UiModeManager: updateConfigurationLocked: mDockState=0; mCarMode=false; mNightMode=com.android.server.UiModeManagerService$1@acdd96c; mNightModeCustomType=-1; uiMode=17
05-03 23:49:31.671  3090  3090 D QtiCarrierConfigHelper: WARNING, no carrier configs on phone Id: 1
05-03 23:49:31.700  1293 10388 D vendor.qti.bluetooth@1.0-wake_lock: Release wakelock is released 
05-03 23:49:32.635  1998  3296 W PackageManager: Missing required system package: com.instagram.android, but found with extended search.
05-03 23:49:33.568  3282  3282 D BoundBrokerSvc: onRebind: Intent { act=com.google.android.gms.libs.gmscorelogger.service.START dat=chimera-action:/... cmp=com.google.android.gms/.chimera.PersistentDirectBootAwareApiService }
05-03 23:49:33.644  1998  3296 W PackageManager: Missing required system package: com.instagram.android, but found with extended search.
05-03 23:49:33.879  1998  2670 D ActivityManager: freezing 3820 com.google.android.gm, reason = oom_cached
05-03 23:49:33.884  1998  2765 D InetDiagMessage: Destroyed 0 sockets, proto=IPPROTO_TCP, family=AF_INET, states=14
05-03 23:49:33.886  1998  2765 D InetDiagMessage: Destroyed 0 sockets, proto=IPPROTO_TCP, family=AF_INET6, states=14
05-03 23:49:33.886  1998  2765 D InetDiagMessage: Destroyed live tcp sockets for uids={10228} in 4ms
05-03 23:49:34.317  1747  2644 D BufferPoolAccessor2.0: evictor expired: 4, evicted: 0
05-03 23:49:34.651  1998  8111 W PackageManager: Missing required system package: com.instagram.android, but found with extended search.
05-03 23:49:34.787  1998  2765 D InetDiagMessage: Destroyed 0 sockets, proto=IPPROTO_TCP, family=AF_INET, states=14
05-03 23:49:34.789  4098  4195 D ProfileInstaller: Installing profile for com.safar.app.qa
05-03 23:49:34.790  1998  2765 D InetDiagMessage: Destroyed 0 sockets, proto=IPPROTO_TCP, family=AF_INET6, states=14
05-03 23:49:34.790  1998  2765 D InetDiagMessage: Destroyed live tcp sockets for uids={10337} in 5ms
05-03 23:49:34.791  1998  2765 D InetDiagMessage: Destroyed 0 sockets, proto=IPPROTO_TCP, family=AF_INET, states=14
05-03 23:49:34.793  1998  2765 D InetDiagMessage: Destroyed 0 sockets, proto=IPPROTO_TCP, family=AF_INET6, states=14
05-03 23:49:34.793  1998  2765 D InetDiagMessage: Destroyed live tcp sockets for uids={20337} in 3ms
05-03 23:49:35.189  1293 10545 I vendor.qti.bluetooth@1.0-ibs_handler: ProcessIbsCmd: Received IBS_WAKE_IND: 0xFD
05-03 23:49:35.189  1293 10545 D vendor.qti.bluetooth@1.0-ibs_handler: SerialClockVote: vote for UART CLK ON
05-03 23:49:35.190  1293 10545 D vendor.qti.bluetooth@1.0-wake_lock: Acquire wakelock is acquired 
05-03 23:49:35.190  1293 10545 I vendor.qti.bluetooth@1.0-ibs_handler: ProcessIbsCmd: Writing IBS_WAKE_ACK
05-03 23:49:35.197  3282  5856 I NearbyDiscovery: (REDACTED) BloomFilterAdvManager: Detected bloom filter but too far away, ignoring. %sm, %s
05-03 23:49:35.231  1293 10545 I vendor.qti.bluetooth@1.0-ibs_handler: ProcessIbsCmd: Received IBS_SLEEP_IND: 0xFE
05-03 23:49:35.231  1293 10545 D vendor.qti.bluetooth@1.0-ibs_handler: SerialClockVote: vote for UART CLK OFF
05-03 23:49:35.382  1293 10388 D vendor.qti.bluetooth@1.0-wake_lock: Release wakelock is released 
05-03 23:49:35.410  1293 10545 I vendor.qti.bluetooth@1.0-ibs_handler: ProcessIbsCmd: Received IBS_WAKE_IND: 0xFD
05-03 23:49:35.410  1293 10545 D vendor.qti.bluetooth@1.0-ibs_handler: SerialClockVote: vote for UART CLK ON
05-03 23:49:35.410  1293 10545 D vendor.qti.bluetooth@1.0-wake_lock: Acquire wakelock is acquired 
05-03 23:49:35.410  1293 10545 I vendor.qti.bluetooth@1.0-ibs_handler: ProcessIbsCmd: Writing IBS_WAKE_ACK
05-03 23:49:35.416  3282  5856 I NearbyDiscovery: (REDACTED) BloomFilterAdvManager: Detected bloom filter but too far away, ignoring. %sm, %s
05-03 23:49:35.426  1998  2670 D ActivityManager: freezing 3486 com.google.android.apps.wellbeing, reason = oom_cached
05-03 23:49:35.430  1998  2765 D InetDiagMessage: Destroyed 0 sockets, proto=IPPROTO_TCP, family=AF_INET, states=14
05-03 23:49:35.432  1998  2765 D InetDiagMessage: Destroyed 0 sockets, proto=IPPROTO_TCP, family=AF_INET6, states=14
05-03 23:49:35.432  1998  2765 D InetDiagMessage: Destroyed live tcp sockets for uids={10212} in 4ms
05-03 23:49:35.451  1293 10545 I vendor.qti.bluetooth@1.0-ibs_handler: ProcessIbsCmd: Received IBS_SLEEP_IND: 0xFE
05-03 23:49:35.451  1293 10545 D vendor.qti.bluetooth@1.0-ibs_handler: SerialClockVote: vote for UART CLK OFF
05-03 23:49:35.602  1293 10388 D vendor.qti.bluetooth@1.0-wake_lock: Release wakelock is released 
05-03 23:49:35.661  1998  3296 W PackageManager: Missing required system package: com.instagram.android, but found with extended search.
05-03 23:49:35.675  1293 10545 I vendor.qti.bluetooth@1.0-ibs_handler: ProcessIbsCmd: Received IBS_WAKE_IND: 0xFD
05-03 23:49:35.675  1293 10545 D vendor.qti.bluetooth@1.0-ibs_handler: SerialClockVote: vote for UART CLK ON
05-03 23:49:35.677  1293 10545 D vendor.qti.bluetooth@1.0-wake_lock: Acquire wakelock is acquired 
05-03 23:49:35.677  1293 10545 I vendor.qti.bluetooth@1.0-ibs_handler: ProcessIbsCmd: Writing IBS_WAKE_ACK
05-03 23:49:35.681  3282  5856 I NearbyDiscovery: (REDACTED) BloomFilterAdvManager: Detected bloom filter but too far away, ignoring. %sm, %s
05-03 23:49:35.718  1293 10545 I vendor.qti.bluetooth@1.0-ibs_handler: ProcessIbsCmd: Received IBS_SLEEP_IND: 0xFE
05-03 23:49:35.718  1293 10545 D vendor.qti.bluetooth@1.0-ibs_handler: SerialClockVote: vote for UART CLK OFF
05-03 23:49:35.868  1293 10388 D vendor.qti.bluetooth@1.0-wake_lock: Release wakelock is released 
05-03 23:49:36.170  2884  4122 D PowerUI : can't show warning due to - plugged: true status unknown: false
05-03 23:49:36.172  1998  1998 V UiModeManager: updateLocked: null action, mDockState=0, category=null
05-03 23:49:36.172  1998  1998 D UiModeManager: updateConfigurationLocked: mDockState=0; mCarMode=false; mNightMode=com.android.server.UiModeManagerService$1@acdd96c; mNightModeCustomType=-1; uiMode=17
05-03 23:49:36.173  3090  3090 D QtiCarrierConfigHelper: WARNING, no carrier configs on phone Id: 1
05-03 23:49:36.283  1998  2670 D ActivityManager: freezing 3414 com.android.keychain, reason = oom_cached
05-03 23:49:36.285  1998  2670 D ActivityManager: freezing 602 com.android.settings, reason = oom_cached
05-03 23:49:36.673  1998  8111 W PackageManager: Missing required system package: com.instagram.android, but found with extended search.
05-03 23:49:36.756  1998  2619 D BatteryService: uevent={POWER_SUPPLY_VOLTAGE_NOW=3697713, POWER_SUPPLY_CHARGE_CONTROL_LIMIT_MAX=9, POWER_SUPPLY_TYPE=Battery, POWER_SUPPLY_HEALTH=Good, POWER_SUPPLY_TECHNOLOGY=Li-ion, POWER_SUPPLY_CHARGE_FULL_DESIGN=5096000, SEQNUM=84946, POWER_SUPPLY_CHARGE_CONTROL_LIMIT=4, POWER_SUPPLY_STATUS=Charging, POWER_SUPPLY_CURRENT_MAX=2000000, POWER_SUPPLY_CYCLE_COUNT=21, POWER_SUPPLY_CHARGE_TERM_CURRENT=-100, POWER_SUPPLY_CAPACITY=28, DEVPATH=/devices/platform/soc/1c40000.qcom,spmi/spmi-0/spmi0-02/1c40000.qcom,spmi:qcom,pm7250b@2:qcom,qpnp-smb5-mmi/power_supply/battery, POWER_SUPPLY_CHARGE_TYPE=Fast, POWER_SUPPLY_CHARGE_RATE=Turbo, POWER_SUPPLY_INPUT_CURRENT_LIMIT=0, POWER_SUPPLY_CURRENT_NOW=-667114, POWER_SUPPLY_PRESENT=1, POWER_SUPPLY_CHARGE_FULL=5096000, POWER_SUPPLY_TIME_TO_FULL_NOW=123430, POWER_SUPPLY_CONSTANT_CHARGE_CURRENT=2000000, SUBSYSTEM=power_supply, POWER_SUPPLY_TEMP=354, ACTION=change, POWER_SUPPLY_NAME=battery, POWER_SUPPLY_VOLTAGE_MAX=4520000, POWER_SUPPLY_CONSTANT_CHARGE_CURRENT_MAX=4000000, POWER_SUPPLY_CHARGE_COUNTER=1507906}
05-03 23:49:36.756  1998  2619 D BatteryService: uevent={POWER_SUPPLY_VOLTAGE_NOW=3697713, POWER_SUPPLY_CHARGE_CONTROL_LIMIT_MAX=9, POWER_SUPPLY_TYPE=Battery, POWER_SUPPLY_HEALTH=Good, POWER_SUPPLY_TECHNOLOGY=Li-ion, POWER_SUPPLY_CHARGE_FULL_DESIGN=5096000, SEQNUM=84946, POWER_SUPPLY_CHARGE_CONTROL_LIMIT=4, POWER_SUPPLY_STATUS=Charging, POWER_SUPPLY_CURRENT_MAX=2000000, POWER_SUPPLY_CYCLE_COUNT=21, POWER_SUPPLY_CHARGE_TERM_CURRENT=-100, POWER_SUPPLY_CAPACITY=28, DEVPATH=/devices/platform/soc/1c40000.qcom,spmi/spmi-0/spmi0-02/1c40000.qcom,spmi:qcom,pm7250b@2:qcom,qpnp-smb5-mmi/power_supply/battery, POWER_SUPPLY_CHARGE_TYPE=Fast, POWER_SUPPLY_CHARGE_RATE=Turbo, POWER_SUPPLY_INPUT_CURRENT_LIMIT=0, POWER_SUPPLY_CURRENT_NOW=-667114, POWER_SUPPLY_PRESENT=1, POWER_SUPPLY_CHARGE_FULL=5096000, POWER_SUPPLY_TIME_TO_FULL_NOW=123430, POWER_SUPPLY_CONSTANT_CHARGE_CURRENT=2000000, SUBSYSTEM=power_supply, POWER_SUPPLY_TEMP=354, ACTION=change, POWER_SUPPLY_NAME=battery, POWER_SUPPLY_VOLTAGE_MAX=4520000, POWER_SUPPLY_CONSTANT_CHARGE_CURRENT_MAX=4000000, POWER_SUPPLY_CHARGE_COUNTER=1507906}
